******************************************************************************
             TMS320C2000 Linker PC v6.1.0                      
******************************************************************************
>> Linked Tue Dec 25 12:30:27 2012

OUTPUT FILE NAME:   <CANCard.out>
ENTRY POINT SYMBOL: "_c_int00"  address: 003dafc0


MEMORY CONFIGURATION

         name            origin    length      used     unused   attr    fill
----------------------  --------  ---------  --------  --------  ----  --------
PAGE 0:
  OTP                   003d7800   00000400  00000000  00000400  RWIX
  FLASH                 003d8000   00020000  000031f5  0001ce0b  RWIX
  H0SARAM               003f8000   00001c00  00000003  00001bfd  RWIX
  FuncRam               003f9c00   00000400  0000001f  000003e1  RWIX
  BOOTROM               003ff000   00000fc0  00000000  00000fc0  RWIX

PAGE 1:
  MSARAM                00000000   00000400  00000200  00000200  RWIX
  HEAP                  00000400   00000400  00000400  00000000  RWIX
  DEV_EMU               00000880   00000180  000000d0  000000b0  RWIX
  FLASH_REGS            00000a80   00000060  00000008  00000058  RWIX
  CSM                   00000ae0   00000010  00000010  00000000  RWIX
  XINTF                 00000b20   00000020  00000020  00000000  RWIX
  CPU_TIMER0            00000c00   00000008  00000008  00000000  RWIX
  CPU_TIMER1            00000c08   00000008  00000008  00000000  RWIX
  CPU_TIMER2            00000c10   00000008  00000008  00000000  RWIX
  PIE_CTRL              00000ce0   00000020  0000001a  00000006  RWIX
  PIEVECT               00000d00   00000100  00000100  00000000  RWIX
  ECANA                 00006000   00000040  00000034  0000000c  RWIX
  ECANA_LAM             00006040   00000040  00000040  00000000  RWIX
  ECANA_MOTS            00006080   00000040  00000040  00000000  RWIX
  ECANA_MOTO            000060c0   00000040  00000040  00000000  RWIX
  ECANA_MBOX            00006100   00000100  00000100  00000000  RWIX
  SYSTEM                00007010   00000020  00000020  00000000  RWIX
  SPIA                  00007040   00000010  00000010  00000000  RWIX
  SCIA                  00007050   00000010  00000010  00000000  RWIX
  XINTRUPT              00007070   00000010  00000010  00000000  RWIX
  GPIOMUX               000070c0   00000020  00000020  00000000  RWIX
  GPIODAT               000070e0   00000020  00000020  00000000  RWIX
  ADC                   00007100   00000020  0000001a  00000006  RWIX
  EVA                   00007400   00000040  00000032  0000000e  RWIX
  EVB                   00007500   00000040  00000032  0000000e  RWIX
  SCIB                  00007750   00000010  00000010  00000000  RWIX
  MCBSPA                00007800   00000040  00000025  0000001b  RWIX
  LSARAM                00008000   00002000  00001fe0  00000020  RWIX
  SRAM                  00100000   00010000  00000000  00010000  RWIX
  CSM_PWL               003f7ff8   00000008  00000008  00000000  RWIX


SECTION ALLOCATION MAP

 output                                  attributes/
section   page    origin      length       input sections
--------  ----  ----------  ----------   ----------------
.vers      0    00000000    0000003c     COPY SECTION
                  00000000    0000003c     CanCardcfg.obj (.vers)

PieVectTableFile 
*          1    00000d00    00000100     DSECT
                  00000d00    00000100     DSP281x_GlobalVariableDefs.obj (PieVectTableFile)

.bios      0    003d8000    0000108a     
                  003d8000    0000016d     bios.a28L : swi.o28L (.bios)
                  003d816d    0000015e     lnkrtdx.a28L : rtdx.o28L (.bios)
                  003d82cb    00000111     bios.a28L : hwi_disp_asm.o28L (.bios)
                  003d83dc    00000097               : gio_crea.o28L (.bios)
                  003d8473    00000097               : prd.o28L (.bios)
                  003d850a    00000097               : rta.o28L (.bios)
                  003d85a1    00000091               : sem_pend.o28L (.bios)
                  003d8632    00000088               : knl_run.o28L (.bios)
                  003d86ba    00000085               : mem_allo.o28L (.bios:.near)
                  003d873f    00000084               : clk_run.o28L (.bios)
                  003d87c3    00000082               : rtdx_isr.o28L (.bios)
                  003d8845    0000007a               : knl_tick.o28L (.bios)
                  003d88bf    00000071               : gio_sbmt.o28L (.bios)
                  003d8930    0000006d               : mem_free.o28L (.bios:.near)
                  003d899d    00000067               : mbx.o28L (.bios)
                  003d8a04    00000065               : tsk_exit.o28L (.bios)
                  003d8a69    00000061               : sem_dopo.o28L (.bios)
                  003d8aca    00000060               : pip.o28L (.bios)
                  003d8b2a    00000060               : tsk_setu.o28L (.bios)
                  003d8b8a    0000004b               : tsk_stup.o28L (.bios)
                  003d8bd5    0000003d               : hwi_disp.o28L (.bios)
                  003d8c12    0000003b               : gio_dele.o28L (.bios)
                  003d8c4d    00000035               : clk.o28L (.bios)
                  003d8c82    00000034               : sem_post_asm.o28L (.bios)
                  003d8cb6    00000033               : knl_chec.o28L (.bios)
                  003d8ce9    00000032               : idl_cal.o28L (.bios)
                  003d8d1b    00000031               : dev_matc.o28L (.bios)
                  003d8d4c    00000031               : knl_swit.o28L (.bios)
                  003d8d7d    0000002b               : knl_exit.o28L (.bios)
                  003d8da8    00000029               : lck.o28L (.bios)
                  003d8dd1    00000028               : clk_isr.o28L (.bios)
                  003d8df9    00000027               : atm.o28L (.bios)
                  003d8e20    00000025               : obj_crea.o28L (.bios)
                  003d8e45    00000023               : gio_cbck.o28L (.bios)
                  003d8e68    00000023               : sem_post.o28L (.bios)
                  003d8e8b    00000022               : knl_ipos.o28L (.bios)
                  003d8ead    00000022               : sem_crea.o28L (.bios)
                  003d8ecf    00000021               : sys_exit.o28L (.bios)
                  003d8ef0    00000020               : sts.o28L (.bios)
                  003d8f10    0000001f               : obj_dele.o28L (.bios)
                  003d8f2f    0000001f               : sem_pend_counting.o28L (.bios)
                  003d8f4e    0000001e               : log.o28L (.bios)
                  003d8f6c    0000001b               : mem_vall.o28L (.bios:.near)
                  003d8f87    0000001a               : idl_busy.o28L (.bios)
                  003d8fa1    00000019               : c28_plug.o28L (.bios)
                  003d8fba    00000019               : prd_c.o28L (.bios)
                  003d8fd3    00000016               : knl_post.o28L (.bios)
                  003d8fe9    00000014               : rta_andn.o28L (.bios)
                  003d8ffd    00000012               : fxn.o28L (.bios)
                  003d900f    00000012               : que_get.o28L (.bios)
                  003d9021    00000010               : utl_doab.o28L (.bios)
                  003d9031    00000010               : utl_doer.o28L (.bios)
                  003d9041    0000000a               : hwi_c.o28L (.bios)
                  003d904b    0000000a               : utl_putc.o28L (.bios)
                  003d9055    00000009               : sys_erro.o28L (.bios:.near)
                  003d905e    00000009               : idl_stub.o28L (.bios)
                  003d9067    00000009               : sys_abor.o28L (.bios)
                  003d9070    00000006               : idl.o28L (.bios)
                  003d9076    00000005               : log_event.o28L (.bios)
                  003d907b    00000005               : sem_dele.o28L (.bios)
                  003d9080    00000003               : gbl_vers.o28L (.bios)
                  003d9083    00000003               : iom_stub.o28L (.bios)
                  003d9086    00000003               : utl_halt.o28L (.bios)
                  003d9089    00000001               : fxn_c.o28L (.bios)

.data      0    003d8000    00000000     UNINITIALIZED

.text      0    003d908a    00001051     
                  003d908a    00000522     CANmd.obj (.text)
                  003d95ac    000003bd     ISAmd.obj (.text)
                  003d9969    0000036b     Uartmd.obj (.text)
                  003d9cd4    000002d8     main.obj (.text)
                  003d9fac    00000049     circ.obj (.text)
                  003d9ff5    00000025     rts2800_ml.lib : sinit.obj (.text)
                  003da01a    00000024                    : atexit.obj (.text)
                  003da03e    00000023     bios.a28L : tsk_stup.o28L (.text)
                  003da061    00000021     rts2800_ml.lib : memcpy_ff.obj (.text)
                  003da082    00000019                    : exit.obj (.text)
                  003da09b    00000017                    : strncmp.obj (.text)
                  003da0b2    0000000a                    : strlen.obj (.text)
                  003da0bc    00000009     rtdxx.lib : intr_tgt.o28L (.text:_RTDX_Mask_IER)
                  003da0c5    00000009     rts2800_ml.lib : _lock.obj (.text)
                  003da0ce    00000007                    : memset.obj (.text)
                  003da0d5    00000006     rtdxx.lib : intr_tgt.o28L (.text:_RTDX_Set_IER)

ramfuncs   0    003da0db    0000001f     RUN ADDR = 003f9c00
                  003da0db    0000001f     main.obj (ramfuncs)

.cinit     0    003da0fa    00000b4d     
                  003da0fa    000008ad     CanCardcfg.obj (.cinit)
                  003da9a7    000000a5     bios.a28L : biosdata.o28L (.cinit)
                  003daa4c    000000a0               : knl.o28L (.cinit)
                  003daaec    0000002e               : tsk_stup.o28L (.cinit)
                  003dab1a    0000002c               : tsk.o28L (.cinit)
                  003dab46    00000019               : rta.o28L (.cinit)
                  003dab5f    00000019     main.obj (.cinit)
                  003dab78    00000017     rtdxx.lib : buffer1.o28L (.cinit)
                  003dab8f    00000013     ISAmd.obj (.cinit)
                  003daba2    00000010     bios.a28L : gio_cfg.o28L (.cinit)
                  003dabb2    0000000f     CANmd.obj (.cinit)
                  003dabc1    0000000f     Uartmd.obj (.cinit)
                  003dabd0    0000000f     bios.a28L : utl_putc.o28L (.cinit)
                  003dabdf    0000000b               : knl_tick.o28L (.cinit)
                  003dabea    0000000a               : obj_init.o28L (.cinit)
                  003dabf4    0000000a               : sys.o28L (.cinit)
                  003dabfe    0000000a     rts2800_ml.lib : _lock.obj (.cinit)
                  003dac08    0000000a                    : exit.obj (.cinit)
                  003dac12    00000009     lnkrtdx.a28L : rtdx.o28L (.cinit)
                  003dac1b    00000008     rts2800_ml.lib : atexit.obj (.cinit)
                  003dac23    00000007     bios.a28L : hwi_disp.o28L (.cinit)
                  003dac2a    00000007               : sem_crea.o28L (.cinit)
                  003dac31    00000005               : gio.o28L (.cinit)
                  003dac36    00000005               : idl_busy.o28L (.cinit)
                  003dac3b    00000005               : knl_swit.o28L (.cinit)
                  003dac40    00000005     rts2800_ml.lib : sinit.obj (.cinit)
                  003dac45    00000002     --HOLE-- [fill = 0]

.rtdx_text 
*          0    003dac47    000002cc     
                  003dac47    000000a9     rtdxx.lib : buffer1.o28L (.rtdx_text:_RTDX_write_next)
                  003dacf0    00000083               : buffer1.o28L (.rtdx_text:_RTDX_Buffer_WriteCB)
                  003dad73    00000053               : rtdx_mon.o28L (.rtdx_text:_RTDX_Poll)
                  003dadc6    00000046               : rtdx_mon.o28L (.rtdx_text:_StartXFer)
                  003dae0c    00000042               : buffer1.o28L (.rtdx_text:_claim)
                  003dae4e    00000032               : rtdx_mon.o28L (.rtdx_text:_RTDX_Mon_Queue)
                  003dae80    00000030               : rtdx_mon.o28L (.rtdx_text:_RTDX_Init_RT_Monitor)
                  003daeb0    00000017               : buffer1.o28L (.rtdx_text:_RTDX_Buffer_Initialize)
                  003daec7    00000011               : buffer2.o28L (.rtdx_text:_RTDX_Buffer_ReadCB)
                  003daed8    0000000d               : rtdx_mon.o28L (.rtdx_text:_RTDX_Final_RT_Monitor)
                  003daee5    0000000c               : buffer1.o28L (.rtdx_text:_RTDX_Buffer_Size)
                  003daef1    00000009               : rtdx_mon.o28L (.rtdx_text:_Allow_EmuAccess)
                  003daefa    00000009               : buffer2.o28L (.rtdx_text:_RTDX_Buffer_Read)
                  003daf03    00000007               : buffer1.o28L (.rtdx_text:_RTDX_Buffer_Write)
                  003daf0a    00000006               : rtdx_mon.o28L (.rtdx_text:_Wait)
                  003daf10    00000003               : rtdx_mon.o28L (.rtdx_text:_Disallow_EmuAccess)

.sysinit   0    003daf13    000001ae     
                  003daf13    000000ad     CanCardcfg.obj (.sysinit)
                  003dafc0    0000005c     bios.a28L : boot.o28L (.sysinit)
                  003db01c    00000046               : mem_init.o28L (.sysinit)
                  003db062    0000003a               : dev_init.o28L (.sysinit)
                  003db09c    00000023               : tsk_init.o28L (.sysinit)
                  003db0bf    00000001               : gio.o28L (.sysinit)
                  003db0c0    00000001               : obj_init.o28L (.sysinit)

.econst    0    003db0c2    00000101     
                  003db0c2    0000004f     bios.a28L : tsk_stup.o28L (.econst)
                  003db111    00000001     --HOLE-- [fill = 0]
                  003db112    00000023               : utl_doab.o28L (.econst)
                  003db135    00000001     --HOLE-- [fill = 0]
                  003db136    00000022               : utl_doer.o28L (.econst)
                  003db158    00000020               : dev_init.o28L (.econst)
                  003db178    00000013     main.obj (.econst:.string)
                  003db18b    00000001     --HOLE-- [fill = 0]
                  003db18c    00000012     rtdxx.lib : rtdx_mon.o28L (.econst)
                  003db19e    00000011     CanCardcfg.obj (.econst)
                  003db1af    00000001     --HOLE-- [fill = 0]
                  003db1b0    00000004     bios.a28L : gio_crea.o28L (.econst)
                  003db1b4    00000004               : mem_allo.o28L (.econst)
                  003db1b8    00000004               : mem_free.o28L (.econst)
                  003db1bc    00000004     rtdxx.lib : buffer1.o28L (.econst)
                  003db1c0    00000001     bios.a28L : sem_crea.o28L (.econst)
                  003db1c1    00000001     --HOLE-- [fill = 0]
                  003db1c2    00000001               : tsk.o28L (.econst)

.gblinit   0    003db1c3    0000002d     
                  003db1c3    0000002d     CanCardcfg.obj (.gblinit)

.printf    0    003db1c3    0000014c     COPY SECTION
                  003db1c3    0000014c     CanCardcfg.obj (.printf)

.pinit     0    003db1f0    00000006     
                  003db1f0    00000002     rtdxx.lib : buffer1.o28L (.pinit)
                  003db1f2    00000002               : rtdx_mon.o28L (.pinit)
                  003db1f4    00000002     --HOLE-- [fill = 0]

.trcdata   0    003f8000    00000003     
                  003f8000    00000003     CanCardcfg.obj (.trcdata)

.stack     1    00000000    00000200     UNINITIALIZED
                  00000000    00000200     --HOLE--

.HEAP$heap 
*          1    00000400    00000400     UNINITIALIZED
                  00000400    00000400     --HOLE--

DevEmuRegsFile 
*          1    00000880    000000d0     UNINITIALIZED
                  00000880    000000d0     DSP281x_GlobalVariableDefs.obj (DevEmuRegsFile)

FlashRegsFile 
*          1    00000a80    00000008     UNINITIALIZED
                  00000a80    00000008     DSP281x_GlobalVariableDefs.obj (FlashRegsFile)

CsmRegsFile 
*          1    00000ae0    00000010     UNINITIALIZED
                  00000ae0    00000010     DSP281x_GlobalVariableDefs.obj (CsmRegsFile)

XintfRegsFile 
*          1    00000b20    00000020     UNINITIALIZED
                  00000b20    00000020     DSP281x_GlobalVariableDefs.obj (XintfRegsFile)

CpuTimer0RegsFile 
*          1    00000c00    00000008     UNINITIALIZED
                  00000c00    00000008     DSP281x_GlobalVariableDefs.obj (CpuTimer0RegsFile)

CpuTimer1RegsFile 
*          1    00000c08    00000008     UNINITIALIZED
                  00000c08    00000008     DSP281x_GlobalVariableDefs.obj (CpuTimer1RegsFile)

CpuTimer2RegsFile 
*          1    00000c10    00000008     UNINITIALIZED
                  00000c10    00000008     DSP281x_GlobalVariableDefs.obj (CpuTimer2RegsFile)

PieCtrlRegsFile 
*          1    00000ce0    0000001a     UNINITIALIZED
                  00000ce0    0000001a     DSP281x_GlobalVariableDefs.obj (PieCtrlRegsFile)

.hwi_vec   1    00000d00    00000100     
                  00000d00    00000100     CanCardcfg.obj (.hwi_vec)

ECanaRegsFile 
*          1    00006000    00000034     UNINITIALIZED
                  00006000    00000034     DSP281x_GlobalVariableDefs.obj (ECanaRegsFile)

ECanaLAMRegsFile 
*          1    00006040    00000040     UNINITIALIZED
                  00006040    00000040     DSP281x_GlobalVariableDefs.obj (ECanaLAMRegsFile)

ECanaMOTSRegsFile 
*          1    00006080    00000040     UNINITIALIZED
                  00006080    00000040     DSP281x_GlobalVariableDefs.obj (ECanaMOTSRegsFile)

ECanaMOTORegsFile 
*          1    000060c0    00000040     UNINITIALIZED
                  000060c0    00000040     DSP281x_GlobalVariableDefs.obj (ECanaMOTORegsFile)

ECanaMboxesFile 
*          1    00006100    00000100     UNINITIALIZED
                  00006100    00000100     DSP281x_GlobalVariableDefs.obj (ECanaMboxesFile)

SysCtrlRegsFile 
*          1    00007010    00000020     UNINITIALIZED
                  00007010    00000020     DSP281x_GlobalVariableDefs.obj (SysCtrlRegsFile)

SpiaRegsFile 
*          1    00007040    00000010     UNINITIALIZED
                  00007040    00000010     DSP281x_GlobalVariableDefs.obj (SpiaRegsFile)

SciaRegsFile 
*          1    00007050    00000010     UNINITIALIZED
                  00007050    00000010     DSP281x_GlobalVariableDefs.obj (SciaRegsFile)

XIntruptRegsFile 
*          1    00007070    00000010     UNINITIALIZED
                  00007070    00000010     DSP281x_GlobalVariableDefs.obj (XIntruptRegsFile)

GpioMuxRegsFile 
*          1    000070c0    00000020     UNINITIALIZED
                  000070c0    00000020     DSP281x_GlobalVariableDefs.obj (GpioMuxRegsFile)

GpioDataRegsFile 
*          1    000070e0    00000020     UNINITIALIZED
                  000070e0    00000020     DSP281x_GlobalVariableDefs.obj (GpioDataRegsFile)

AdcRegsFile 
*          1    00007100    0000001a     UNINITIALIZED
                  00007100    0000001a     DSP281x_GlobalVariableDefs.obj (AdcRegsFile)

EvaRegsFile 
*          1    00007400    00000032     UNINITIALIZED
                  00007400    00000032     DSP281x_GlobalVariableDefs.obj (EvaRegsFile)

EvbRegsFile 
*          1    00007500    00000032     UNINITIALIZED
                  00007500    00000032     DSP281x_GlobalVariableDefs.obj (EvbRegsFile)

ScibRegsFile 
*          1    00007750    00000010     UNINITIALIZED
                  00007750    00000010     DSP281x_GlobalVariableDefs.obj (ScibRegsFile)

McbspaRegsFile 
*          1    00007800    00000025     UNINITIALIZED
                  00007800    00000025     DSP281x_GlobalVariableDefs.obj (McbspaRegsFile)

.bss       1    00008000    00000000     UNINITIALIZED

.ebss      1    00008000    000008f0     UNINITIALIZED
                  00008000    00000280     CANmd.obj (.ebss)
                  00008280    00000220     ISAmd.obj (.ebss)
                  000084a0    00000020     bios.a28L : tsk.o28L (.ebss)
                  000084c0    00000120     main.obj (.ebss)
                  000085e0    00000014     bios.a28L : sys.o28L (.ebss)
                  000085f4    0000000a               : gio_cfg.o28L (.ebss)
                  000085fe    00000002               : clk_data2.o28L (.ebss)
                  00008600    00000100     rts2800_ml.lib : atexit.obj (.ebss)
                  00008700    000000b2     Uartmd.obj (.ebss)
                  000087b2    00000008     bios.a28L : knl_tick.o28L (.ebss)
                  000087ba    00000006               : utl_putc.o28L (.ebss)
                  000087c0    00000090               : knl.o28L (.ebss)
                  00008850    00000028               : tsk_stup.o28L (.ebss)
                  00008878    00000007               : obj_init.o28L (.ebss)
                  0000887f    00000001     --HOLE--
                  00008880    0000004f     CanCardcfg.obj (.ebss)
                  000088cf    00000001     --HOLE--
                  000088d0    00000006     rtdxx.lib : buffer1.o28L (.ebss)
                  000088d6    00000004     bios.a28L : clk_data.o28L (.ebss)
                  000088da    00000004               : hwi_disp.o28L (.ebss)
                  000088de    00000004               : sem_crea.o28L (.ebss)
                  000088e2    00000004     rts2800_ml.lib : _lock.obj (.ebss)
                  000088e6    00000004                    : exit.obj (.ebss)
                  000088ea    00000002     bios.a28L : gio.o28L (.ebss)
                  000088ec    00000002               : mem_asm.o28L (.ebss)
                  000088ee    00000002     rts2800_ml.lib : sinit.obj (.ebss)

.MBX2$que 
*          1    000088f0    00000500     UNINITIALIZED
                  000088f0    00000500     --HOLE--

.hwi_disp_sec 
*          1    00008df0    00000301     UNINITIALIZED
                  00008df0    00000301     bios.a28L : hwi_disp_asm.o28L (.hwi_disp_sec)

.trace     1    000090f1    00000200     
                  000090f1    00000200     --HOLE-- [fill = 0000]

.mem       1    000092f1    00000001     UNINITIALIZED
                  000092f1    00000001     CanCardcfg.obj (.mem)

.log       1    000092f2    0000000a     UNINITIALIZED
                  000092f2    0000000a     CanCardcfg.obj (.log)

.args      1    000092fc    00000004     
                  000092fc    00000004     --HOLE-- [fill = 0]

.tsk       1    00009300    000001aa     UNINITIALIZED
                  00009300    000001aa     CanCardcfg.obj (.tsk)

.rtdx_data 
*          1    000094aa    00000124     UNINITIALIZED
                  000094aa    00000102     CanCardcfg.obj (.rtdx_data)
                  000095ac    00000010     rtdxx.lib : buffer1.o28L (.rtdx_data)
                  000095bc    00000004     bios.a28L : rtdx_data.o28L (.rtdx_data)
                  000095c0    0000000e     rtdxx.lib : rtdx_mon.o28L (.rtdx_data)

.TSK0$stk 
*          1    000095ce    00000100     UNINITIALIZED
                  000095ce    00000100     CanCardcfg.obj (.TSK0$stk)

.TSK2$stk 
*          1    000096ce    00000100     UNINITIALIZED
                  000096ce    00000100     CanCardcfg.obj (.TSK2$stk)

.TSK3$stk 
*          1    000097ce    00000100     UNINITIALIZED
                  000097ce    00000100     CanCardcfg.obj (.TSK3$stk)

.TSK4$stk 
*          1    000098ce    00000100     UNINITIALIZED
                  000098ce    00000100     CanCardcfg.obj (.TSK4$stk)

.TSK_idle$stk 
*          1    000099ce    00000100     UNINITIALIZED
                  000099ce    00000100     CanCardcfg.obj (.TSK_idle$stk)

.sysdata   1    00009ace    000000c0     UNINITIALIZED
                  00009ace    000000a2     bios.a28L : biosdata.o28L (.sysdata)
                  00009b70    00000016               : rta.o28L (.sysdata)
                  00009b86    00000006     lnkrtdx.a28L : rtdx.o28L (.sysdata)
                  00009b8c    00000002     bios.a28L : idl_busy.o28L (.sysdata)

.mbx       1    00009b8e    000000a2     UNINITIALIZED
                  00009b8e    000000a2     CanCardcfg.obj (.mbx)

.MBX0$que 
*          1    00009c30    000000a0     UNINITIALIZED
                  00009c30    000000a0     --HOLE--

.swi       1    00009cd0    00000028     UNINITIALIZED
                  00009cd0    00000028     CanCardcfg.obj (.swi)

.hst1      1    00009cf8    00000008     UNINITIALIZED
                  00009cf8    00000008     CanCardcfg.obj (.hst1)

.pip       1    00009d00    00000080     UNINITIALIZED
                  00009d00    00000080     CanCardcfg.obj (.pip)

.sts       1    00009d80    00000068     UNINITIALIZED
                  00009d80    00000068     CanCardcfg.obj (.sts)

.MBX1$que 
*          1    00009de8    00000064     UNINITIALIZED
                  00009de8    00000064     --HOLE--

.prd       1    00009e4c    00000024     UNINITIALIZED
                  00009e4c    00000024     CanCardcfg.obj (.prd)

.idl       1    00009e70    00000008     UNINITIALIZED
                  00009e70    00000008     CanCardcfg.obj (.idl)

.idlcal    1    00009e78    00000008     UNINITIALIZED
                  00009e78    00000008     CanCardcfg.obj (.idlcal)

.LOG_system$buf 
*          1    00009e80    00000040     UNINITIALIZED
                  00009e80    00000040     CanCardcfg.obj (.LOG_system$buf)

.TSK1$stk 
*          1    00009ec0    00000040     UNINITIALIZED
                  00009ec0    00000040     CanCardcfg.obj (.TSK1$stk)

.TSK5$stk 
*          1    00009f00    00000040     UNINITIALIZED
                  00009f00    00000040     CanCardcfg.obj (.TSK5$stk)

.hst0      1    00009f40    00000040     UNINITIALIZED
                  00009f40    00000040     CanCardcfg.obj (.hst0)

.devtable 
*          1    00009f80    00000036     UNINITIALIZED
                  00009f80    00000036     CanCardcfg.obj (.devtable)

.hst       1    00009fb8    0000001e     UNINITIALIZED
                  00009fb8    0000001e     CanCardcfg.obj (.hst)

.sys       1    00009fd6    00000008     UNINITIALIZED
                  00009fd6    00000008     CanCardcfg.obj (.sys)

.clk       1    00009fde    00000004     UNINITIALIZED
                  00009fde    00000004     CanCardcfg.obj (.clk)

CsmPwlFile 
*          1    003f7ff8    00000008     UNINITIALIZED
                  003f7ff8    00000008     DSP281x_GlobalVariableDefs.obj (CsmPwlFile)


GLOBAL SYMBOLS: SORTED ALPHABETICALLY BY Name 

address    name
--------   ----
00008000   .bss
003d8000   .data
003d908a   .text
00000014   BIOSDATA_O_CLK_D_COUNTSPMS
0000000e   BIOSDATA_O_CLK_D_DIRTY
00000016   BIOSDATA_O_CLK_D_IDLETIME
00000018   BIOSDATA_O_CLK_D_ISRHOOK
00000010   BIOSDATA_O_CLK_D_PRD
0000001a   BIOSDATA_O_CLK_D_TABBEG
00000012   BIOSDATA_O_CLK_D_TDDR
0000001c   BIOSDATA_O_CLK_D_TIMEFXN
00000006   BIOSDATA_O_CLK_HTIMEDIV
00000008   BIOSDATA_O_CLK_HTIMEMULT
0000000a   BIOSDATA_O_CLK_LTIMEDIV
0000000c   BIOSDATA_O_CLK_LTIMEMULT
0000001e   BIOSDATA_O_CLK_R_TIMH
0000001f   BIOSDATA_O_CLK_R_TIML
00000002   BIOSDATA_O_GBL_CLKIN
00000004   BIOSDATA_O_GBL_FREQ
00000000   BIOSDATA_O_GBL_PROCID
00000020   BIOSDATA_O_HST_D_CHANMASK
00000088   BIOSDATA_O_HWI_D_STKBOTTOMADDR
0000008a   BIOSDATA_O_HWI_D_STKTOPADDR
00000022   BIOSDATA_O_IDL_D_CALBEG
00000024   BIOSDATA_O_IDL_D_CALIBRATE
00000026   BIOSDATA_O_IDL_D_TABBEG
00000028   BIOSDATA_O_LOG_D_SYSTEM
00000090   BIOSDATA_O_MEM_D_FREELIST
00000092   BIOSDATA_O_MEM_D_LOCKADDR
0000008e   BIOSDATA_O_MEM_D_MEMTAB
0000008d   BIOSDATA_O_MEM_D_NUMSEGMENTS
00000094   BIOSDATA_O_MEM_D_UNLOCKADDR
0000002a   BIOSDATA_O_PIP_D_TABBEG
0000002c   BIOSDATA_O_PIP_D_TABLEN
0000002e   BIOSDATA_O_PRD_D_CUR
00000030   BIOSDATA_O_PRD_D_ELAPSED
00000031   BIOSDATA_O_PRD_D_PREVTIM
00000032   BIOSDATA_O_PRD_D_SCALAR
00000034   BIOSDATA_O_PRD_D_SWIHANDLE
00000036   BIOSDATA_O_PRD_D_TABBEG
00000038   BIOSDATA_O_PRD_D_TABLEN
0000003a   BIOSDATA_O_PRD_D_THOOK
0000003c   BIOSDATA_O_PRD_D_TICKH
0000003d   BIOSDATA_O_PRD_D_TICKL
00000046   BIOSDATA_O_SWI_D_CURFXN
00000042   BIOSDATA_O_SWI_D_CURMASK
00000045   BIOSDATA_O_SWI_D_CURMBOX
00000043   BIOSDATA_O_SWI_D_CURSET
00000040   BIOSDATA_O_SWI_D_EXECADDR
00000044   BIOSDATA_O_SWI_D_LOCK
00000048   BIOSDATA_O_SWI_D_RDYBEG
0000004a   BIOSDATA_O_SWI_D_RDYTAB
0000003e   BIOSDATA_O_SWI_D_RUNADDR
00000096   BIOSDATA_O_SYS
003daf13   BIOS_init
003daf86   BIOS_start
ffffffff   BOOTROM
00000000   BUF$
00000001   BUF_ENABLED
003da082   C$$EXIT
00009ace   C28_BIOSDATAOBJ
00000001   CLK$
00009fde   CLK_A_TABBEG
00000001   CLK_CALDIV
00000001   CLK_CALMULT
0000ea60   CLK_COUNTSPMS
00000000   CLK_COUNTSPMSHIGH
00009ae4   CLK_D_idletime
00009ae6   CLK_D_isrhook
00009ae8   CLK_D_tabbeg
00009aea   CLK_D_timefxn
00000000   CLK_FREERUN
003d8c4d   CLK_F_getfhtime
003d8c55   CLK_F_gethtime
003d8c76   CLK_F_getltime
003d8c55   CLK_F_getshtime
003d8dd1   CLK_F_isr
003d8c7a   CLK_F_itime
003d873f   CLK_F_run
003d873f   CLK_HOOKFXN
00000001   CLK_HTIMEDIV
00000002   CLK_HTIMEMULT
0000ea60   CLK_HTIMEPERLTIME
00000001   CLK_LTIMEDIV
0001d4c0   CLK_LTIMEMULT
000003e8   CLK_MICROSECS
00009fe0   CLK_NULL
0000ea5f   CLK_PRD
00000000   CLK_PRDHIGH
00000c10   CLK_REGS
00009aec   CLK_R_timh
00009aed   CLK_R_timl
00000021   CLK_TCR
00000001   CLK_TDDR
00000000   CLK_TDDRHIGH
003d8c55   CLK_TIMEFXN
00000000   CLK_TIMERNUM
00000001   CLK_USETIMER
00000000   DEV$
00000000   DGN$
00000000   DHL$
00000000   DHL_gChannelsAvailable
00000000   DIO$
00000000   DIO_NUMSWIBASE
00000000   DIO_NUMTSKBASE
00000000   DIO_STATIC
00000000   DPI$
ffffffff   FLASH
003d8ffd   FXN_F_nop
003d8ffe   FXN_F_run
003d900e   FXN_F_selfLoop
003d900c   FXN_F_zero
00000001   GBL$
00005205   GBL_A_VERSION
00000000   GBL_CALLCSLCFGINIT
00007530   GBL_CLKIN
00006dc4   GBL_DSPSUBTYPE
0000001c   GBL_DSPTYPE
00000001   GBL_ENABLEINST
00000042   GBL_FOOTPRINT
0001d4c0   GBL_FREQ
00000001   GBL_LARGEMODEL
00000001   GBL_MODIFYPLLCR
00000000   GBL_NULL
00000008   GBL_PLLCR
00000002   GBL_PLLDIV
00020000   GBL_PLLWAITCYCLE
00000000   GBL_PROCID
00000000   GBL_ROM
00000000   GBL_SUPPORTCSL
0000dbef   GBL_TRCMASKVALUE
00000001   GBL_USERINIT
003d9cd4   GBL_USERINITFXN
003d9089   GBL_USERLIMPMODEABORTFXN
00000001   GBL_boot
003f8002   GBL_initdone
00000000   GBL_stackbeg
000001ff   GBL_stackend
00000000   GIO$
003d9089   GIO_CREATEFXN
003d9089   GIO_DELETEFXN
003d9089   GIO_PENDFXN
003d9089   GIO_POSTFXN
ffffffff   H0SARAM
00008887   HEAP
00000400   HEAP$B
00000400   HEAP$L
00000000   HOOK$
00000000   HOOK_KNLID
00000001   HST$
00009fb8   HST_A_TABBEG
00009fd6   HST_A_TABEND
00000000   HST_DSM
ffffffff   HST_DSMBUFSEG
00000400   HST_DSMMEMSIZE
00009aee   HST_D_chanmask
00009b66   HST_D_tabbegaddr
00009b68   HST_D_tabendaddr
000000ff   HST_MAXFRAMEALLOWED
00000040   HST_MAXFRAMESET
00000000   HST_NONE
00000001   HST_RTDX
00000001   HWI$
0000000f   HWI_DLOG
00000000   HWI_DLOG$hwi
00009b5a   HWI_D_inhwi
00009b55   HWI_D_spsave
00009b56   HWI_D_stkbottomaddr
00009b58   HWI_D_stktopaddr
003d82d2   HWI_F_dispatch
00000013   HWI_ILLEGAL
00000000   HWI_ILLEGAL$hwi
00000001   HWI_INT1
00000000   HWI_INT1$hwi
0000000a   HWI_INT10
00000000   HWI_INT10$hwi
0000000b   HWI_INT11
00000000   HWI_INT11$hwi
0000000c   HWI_INT12
00000000   HWI_INT12$hwi
0000000d   HWI_INT13
00000000   HWI_INT13$hwi
00000002   HWI_INT2
00000000   HWI_INT2$hwi
00000003   HWI_INT3
00000000   HWI_INT3$hwi
00000004   HWI_INT4
00000000   HWI_INT4$hwi
00000005   HWI_INT5
00000000   HWI_INT5$hwi
00000006   HWI_INT6
00000000   HWI_INT6$hwi
00000007   HWI_INT7
00000000   HWI_INT7$hwi
00000008   HWI_INT8
00000000   HWI_INT8$hwi
00000009   HWI_INT9
00000000   HWI_INT9$hwi
00000012   HWI_NMI
00000000   HWI_NMI$hwi
00000001   HWI_PIESELECT
00000011   HWI_RESERVED
00000000   HWI_RESERVED$hwi
00000000   HWI_RESET
00000000   HWI_RESET$hwi
00000010   HWI_RTOS
00000000   HWI_RTOS$hwi
0000000e   HWI_TINT
00000000   HWI_TINT$hwi
00000014   HWI_USER1
00000000   HWI_USER1$hwi
0000001d   HWI_USER10
00000000   HWI_USER10$hwi
0000001e   HWI_USER11
00000000   HWI_USER11$hwi
0000001f   HWI_USER12
00000000   HWI_USER12$hwi
00000015   HWI_USER2
00000000   HWI_USER2$hwi
00000016   HWI_USER3
00000000   HWI_USER3$hwi
00000017   HWI_USER4
00000000   HWI_USER4$hwi
00000018   HWI_USER5
00000000   HWI_USER5$hwi
00000019   HWI_USER6
00000000   HWI_USER6$hwi
0000001a   HWI_USER7
00000000   HWI_USER7$hwi
0000001b   HWI_USER8
00000000   HWI_USER8$hwi
0000001c   HWI_USER9
00000000   HWI_USER9$hwi
00000001   HWI_VMAPSELECT
00000001   IDL$
00009e78   IDL_A_CALBEG
00009e70   IDL_A_TABBEG
00000000   IDL_CALIBRERROR
003d905e   IDL_CALIBRFXN
00009b8c   IDL_D_busyObj
00009af0   IDL_D_calbeg
00009af2   IDL_D_calibrate
00009af4   IDL_D_tabbeg
00009e76   IDL_END
00009e7e   IDL_END$
003d8f87   IDL_F_busy
003d8ce9   IDL_F_calibrate
003d8f93   IDL_F_init
003d9070   IDL_F_loop
003d905e   IDL_F_stub
00000001   IDL_USECLKIDLTIME
00009de2   IDL_busyObj
003db30a   IDL_busyObj$avgfmt
00000001   IDL_busyObj$filter
00000001   IDL_busyObj$iA
00000000   IDL_busyObj$iB
00000001   IDL_busyObj$iC
003db304   IDL_busyObj$maxfmt
00000000   IDL_busyObj$operation
00009de0   IDL_busyObj$stsobj
003db307   IDL_busyObj$sumfmt
00000002   IDL_busyObj$unittype
00009e70   IDL_cpuLoad
00009e78   IDL_cpuLoad$
003d8d59   KNL_glue
00009cd0   KNL_swi
00000001   KNL_swi$dorta
00000000   KNL_swi$ord
00000000   KNL_swi$pri
00009d9a   KNL_swi$sts
003db22a   KNL_swi$sts$avgfmt
00000002   KNL_swi$sts$filter
00000001   KNL_swi$sts$filtmaxmult
00000001   KNL_swi$sts$filtsummult
003db21a   KNL_swi$sts$maxfmt
00009d98   KNL_swi$sts$stsobj
003db222   KNL_swi$sts$sumfmt
00000000   KNL_swi$sts$unittype
00000000   KNL_swi$swi
003d8d63   KNL_tick_stub
00000001   LCK$
00009b86   LNKCTRL
00009b87   LNK_D_dataReadyMask
00009b86   LNK_D_fromHostMask
00009b89   LNK_D_readDone
00009b8a   LNK_D_readFail
00009b88   LNK_D_readPend
00009b8b   LNK_D_writeFail
003d816e   LNK_F_checkChanEnabled
003d8195   LNK_F_dataPump
003d817e   LNK_F_getChanPtr
003d8175   LNK_F_getNextChan
003d816d   LNK_F_init
003d82c0   LNK_F_readCallBack
00009e72   LNK_dataPump
00009e7a   LNK_dataPump$
003d8226   LNK_newin
003d826c   LNK_newout
003d8195   LNK_rcloop
003d81b5   LNK_rdrtry
003d81b9   LNK_rrloop
003d81ea   LNK_wrloop
003d81e6   LNK_wrrtry
00000001   LOG$
000092f2   LOG_A_TABBEG
000092fc   LOG_A_TABEND
00000001   LOG_A_TABLEN
00009af6   LOG_D_system
00000001   LOG_ENABLED
003d8f4e   LOG_F_event
000092f2   LOG_system
00009e80   LOG_system$buf
00000000   LOG_system$datatype
00000000   LOG_system$log
00000040   LOG_system$size
ffffffff   LSARAM
00000001   MBX$
00009b94   MBX0
00009b9c   MBX0$data
00009bac   MBX0$free
00009c30   MBX0$queElems
00009bca   MBX1
00009bd2   MBX1$data
00009be2   MBX1$free
00009de8   MBX1$queElems
00009c00   MBX2
00009c08   MBX2$data
00009c18   MBX2$free
000088f0   MBX2$queElems
00000001   MEM$
00008887   MEM_MALLOCSEG
00000000   MEM_NULL
00008887   MEM_SEGZERO
00000001   MEM_gNumHeap
ffffffff   MSARAM
00000000   MSGQ$
00000000   MSGQ_USEMSGQ
00000000   OBJ$
ffffffff   OTP
00000001   PIE$
ffffffff   PIEVECT
00000068   PIE_INT10_1
00000000   PIE_INT10_1$hwi
00000069   PIE_INT10_2
00000000   PIE_INT10_2$hwi
0000006a   PIE_INT10_3
00000000   PIE_INT10_3$hwi
0000006b   PIE_INT10_4
00000000   PIE_INT10_4$hwi
0000006c   PIE_INT10_5
00000000   PIE_INT10_5$hwi
0000006d   PIE_INT10_6
00000000   PIE_INT10_6$hwi
0000006e   PIE_INT10_7
00000000   PIE_INT10_7$hwi
0000006f   PIE_INT10_8
00000000   PIE_INT10_8$hwi
00000070   PIE_INT11_1
00000000   PIE_INT11_1$hwi
00000071   PIE_INT11_2
00000000   PIE_INT11_2$hwi
00000072   PIE_INT11_3
00000000   PIE_INT11_3$hwi
00000073   PIE_INT11_4
00000000   PIE_INT11_4$hwi
00000074   PIE_INT11_5
00000000   PIE_INT11_5$hwi
00000075   PIE_INT11_6
00000000   PIE_INT11_6$hwi
00000076   PIE_INT11_7
00000000   PIE_INT11_7$hwi
00000077   PIE_INT11_8
00000000   PIE_INT11_8$hwi
00000078   PIE_INT12_1
00000000   PIE_INT12_1$hwi
00000079   PIE_INT12_2
00000000   PIE_INT12_2$hwi
0000007a   PIE_INT12_3
00000000   PIE_INT12_3$hwi
0000007b   PIE_INT12_4
00000000   PIE_INT12_4$hwi
0000007c   PIE_INT12_5
00000000   PIE_INT12_5$hwi
0000007d   PIE_INT12_6
00000000   PIE_INT12_6$hwi
0000007e   PIE_INT12_7
00000000   PIE_INT12_7$hwi
0000007f   PIE_INT12_8
00000000   PIE_INT12_8$hwi
00000020   PIE_INT1_1
00000000   PIE_INT1_1$hwi
00000021   PIE_INT1_2
00000000   PIE_INT1_2$hwi
00000022   PIE_INT1_3
00000000   PIE_INT1_3$hwi
00000023   PIE_INT1_4
00000000   PIE_INT1_4$hwi
00000024   PIE_INT1_5
00000000   PIE_INT1_5$hwi
00000025   PIE_INT1_6
00000000   PIE_INT1_6$hwi
00000026   PIE_INT1_7
00000000   PIE_INT1_7$hwi
00000027   PIE_INT1_8
00000000   PIE_INT1_8$hwi
00000028   PIE_INT2_1
00000000   PIE_INT2_1$hwi
00000029   PIE_INT2_2
00000000   PIE_INT2_2$hwi
0000002a   PIE_INT2_3
00000000   PIE_INT2_3$hwi
0000002b   PIE_INT2_4
00000000   PIE_INT2_4$hwi
0000002c   PIE_INT2_5
00000000   PIE_INT2_5$hwi
0000002d   PIE_INT2_6
00000000   PIE_INT2_6$hwi
0000002e   PIE_INT2_7
00000000   PIE_INT2_7$hwi
0000002f   PIE_INT2_8
00000000   PIE_INT2_8$hwi
00000030   PIE_INT3_1
00000000   PIE_INT3_1$hwi
00000031   PIE_INT3_2
00000000   PIE_INT3_2$hwi
00000032   PIE_INT3_3
00000000   PIE_INT3_3$hwi
00000033   PIE_INT3_4
00000000   PIE_INT3_4$hwi
00000034   PIE_INT3_5
00000000   PIE_INT3_5$hwi
00000035   PIE_INT3_6
00000000   PIE_INT3_6$hwi
00000036   PIE_INT3_7
00000000   PIE_INT3_7$hwi
00000037   PIE_INT3_8
00000000   PIE_INT3_8$hwi
00000038   PIE_INT4_1
00000000   PIE_INT4_1$hwi
00000039   PIE_INT4_2
00000000   PIE_INT4_2$hwi
0000003a   PIE_INT4_3
00000000   PIE_INT4_3$hwi
0000003b   PIE_INT4_4
00000000   PIE_INT4_4$hwi
0000003c   PIE_INT4_5
00000000   PIE_INT4_5$hwi
0000003d   PIE_INT4_6
00000000   PIE_INT4_6$hwi
0000003e   PIE_INT4_7
00000000   PIE_INT4_7$hwi
0000003f   PIE_INT4_8
00000000   PIE_INT4_8$hwi
00000040   PIE_INT5_1
00000000   PIE_INT5_1$hwi
00000041   PIE_INT5_2
00000000   PIE_INT5_2$hwi
00000042   PIE_INT5_3
00000000   PIE_INT5_3$hwi
00000043   PIE_INT5_4
00000000   PIE_INT5_4$hwi
00000044   PIE_INT5_5
00000000   PIE_INT5_5$hwi
00000045   PIE_INT5_6
00000000   PIE_INT5_6$hwi
00000046   PIE_INT5_7
00000000   PIE_INT5_7$hwi
00000047   PIE_INT5_8
00000000   PIE_INT5_8$hwi
00000048   PIE_INT6_1
00000000   PIE_INT6_1$hwi
00000049   PIE_INT6_2
00000000   PIE_INT6_2$hwi
0000004a   PIE_INT6_3
00000000   PIE_INT6_3$hwi
0000004b   PIE_INT6_4
00000000   PIE_INT6_4$hwi
0000004c   PIE_INT6_5
00000000   PIE_INT6_5$hwi
0000004d   PIE_INT6_6
00000000   PIE_INT6_6$hwi
0000004e   PIE_INT6_7
00000000   PIE_INT6_7$hwi
0000004f   PIE_INT6_8
00000000   PIE_INT6_8$hwi
00000050   PIE_INT7_1
00000000   PIE_INT7_1$hwi
00000051   PIE_INT7_2
00000000   PIE_INT7_2$hwi
00000052   PIE_INT7_3
00000000   PIE_INT7_3$hwi
00000053   PIE_INT7_4
00000000   PIE_INT7_4$hwi
00000054   PIE_INT7_5
00000000   PIE_INT7_5$hwi
00000055   PIE_INT7_6
00000000   PIE_INT7_6$hwi
00000056   PIE_INT7_7
00000000   PIE_INT7_7$hwi
00000057   PIE_INT7_8
00000000   PIE_INT7_8$hwi
00000058   PIE_INT8_1
00000000   PIE_INT8_1$hwi
00000059   PIE_INT8_2
00000000   PIE_INT8_2$hwi
0000005a   PIE_INT8_3
00000000   PIE_INT8_3$hwi
0000005b   PIE_INT8_4
00000000   PIE_INT8_4$hwi
0000005c   PIE_INT8_5
00000000   PIE_INT8_5$hwi
0000005d   PIE_INT8_6
00000000   PIE_INT8_6$hwi
0000005e   PIE_INT8_7
00000000   PIE_INT8_7$hwi
0000005f   PIE_INT8_8
00000000   PIE_INT8_8$hwi
00000060   PIE_INT9_1
00000000   PIE_INT9_1$hwi
00000061   PIE_INT9_2
00000000   PIE_INT9_2$hwi
00000062   PIE_INT9_3
00000000   PIE_INT9_3$hwi
00000063   PIE_INT9_4
00000000   PIE_INT9_4$hwi
00000064   PIE_INT9_5
00000000   PIE_INT9_5$hwi
00000065   PIE_INT9_6
00000000   PIE_INT9_6$hwi
00000066   PIE_INT9_7
00000000   PIE_INT9_7$hwi
00000067   PIE_INT9_8
00000000   PIE_INT9_8$hwi
00000000   PIP$
00009d00   PIP_A_TABBEG
00009d80   PIP_A_TABEND
00000002   PIP_A_TABLEN
00009af8   PIP_D_tabbeg
00009afa   PIP_D_tablen
003d8ae4   PIP_F_give
003d8ae3   PIP_F_probe
003d8b0d   PIP_F_start
003d8aca   PIP_F_take
00000032   PIP_OBJSIZE
00000000   PIP_gNextId
00000002   PIP_gNumEmbed
00000000   POOL$
00000000   POOL_USEPOOL
00000001   PRD$
00009e4c   PRD0
00009e56   PRD0$aaa
00000001   PRD0$mode
00000001   PRD0$ord
00000014   PRD0$period
00000000   PRD0$prd
00009d82   PRD0$sts
003db1d5   PRD0$sts$avgfmt
00000000   PRD0$sts$filter
003db1c3   PRD0$sts$maxfmt
00009d80   PRD0$sts$stsobj
003db1cc   PRD0$sts$sumfmt
00000002   PRD0$sts$unittype
00009e58   PRD1
00009e62   PRD1$aaa
00000001   PRD1$mode
00000001   PRD1$ord
0000000a   PRD1$period
00000000   PRD1$prd
00009d8a   PRD1$sts
003db1f2   PRD1$sts$avgfmt
00000000   PRD1$sts$filter
003db1e0   PRD1$sts$maxfmt
00009d88   PRD1$sts$stsobj
003db1e9   PRD1$sts$sumfmt
00000002   PRD1$sts$unittype
00009e64   PRD2
00009e6e   PRD2$aaa
00000001   PRD2$mode
00000001   PRD2$ord
00000014   PRD2$period
00000000   PRD2$prd
00009d92   PRD2$sts
003db20f   PRD2$sts$avgfmt
00000000   PRD2$sts$filter
003db1fd   PRD2$sts$maxfmt
00009d90   PRD2$sts$stsobj
003db206   PRD2$sts$sumfmt
00000002   PRD2$sts$unittype
00009e4c   PRD_A_TABBEG
00009e70   PRD_A_TABEND
00000003   PRD_A_TABLEN
00009afc   PRD_D_cur
00009afe   PRD_D_elapsed
00009aff   PRD_D_prevtim
00009b00   PRD_D_scalar
00009b02   PRD_D_swihandle
00009b04   PRD_D_tabbeg
00009b06   PRD_D_tablen
00009b08   PRD_D_thook
00009b0a   PRD_D_tickh
00009b0b   PRD_D_tickl
003d8473   PRD_F_swi
003d84e2   PRD_F_tick
00000001   PRD_SCALAR
00009ce4   PRD_SWIHANDLE
003d8d63   PRD_THOOKFXN
00009fde   PRD_clock
00009ce4   PRD_swi
00000001   PRD_swi$dorta
00000000   PRD_swi$ord
00000001   PRD_swi$pri
00009da2   PRD_swi$sts
003db244   PRD_swi$sts$avgfmt
00000002   PRD_swi$sts$filter
00000001   PRD_swi$sts$filtmaxmult
00000001   PRD_swi$sts$filtsummult
003db234   PRD_swi$sts$maxfmt
00009da0   PRD_swi$sts$stsobj
003db23c   PRD_swi$sts$sumfmt
00000000   PRD_swi$sts$unittype
00000000   PRD_swi$swi
00000001   QUE$
00009b70   RTA_D_fromHost
00009b74   RTA_D_logval
00009b7e   RTA_D_stsval
00009b72   RTA_D_toHost
003d8fe9   RTA_F_andn
003d8561   RTA_F_dispatch
003d850a   RTA_F_getlog
003d8529   RTA_F_getsts
003d8ff0   RTA_F_or
003d8547   RTA_F_readblk
003d8552   RTA_F_resetmem
003d8550   RTA_F_writeword
00009e74   RTA_dispatcher
00009e7c   RTA_dispatcher$
00009fba   RTA_fromHost
00009cf8   RTA_fromHost$buf
00000008   RTA_fromHost$framesize
00000000   RTA_fromHost$hst
00000001   RTA_fromHost$id
00000000   RTA_fromHost$mode
00009d00   RTA_fromHost$pipe
00008888   RTA_fromHost$pipe$dtab
00009d02   RTA_fromHost$pipe$rd
00009d04   RTA_fromHost$pipe$rdaddr
00009d08   RTA_fromHost$pipe$rdcurdesc
00009d06   RTA_fromHost$pipe$rdsize
00009d18   RTA_fromHost$pipe$rdstshdl
00009d1a   RTA_fromHost$pipe$wr
00009d1c   RTA_fromHost$pipe$wraddr
00009d20   RTA_fromHost$pipe$wrcurdesc
00009d1e   RTA_fromHost$pipe$wrsize
00009d30   RTA_fromHost$pipe$wrstshdl
00009fbe   RTA_fromHost$rtdx
00009fc8   RTA_toHost
00009f40   RTA_toHost$buf
00000040   RTA_toHost$framesize
00000000   RTA_toHost$hst
00000000   RTA_toHost$id
00000001   RTA_toHost$mode
00009d40   RTA_toHost$pipe
00008890   RTA_toHost$pipe$dtab
00009d42   RTA_toHost$pipe$rd
00009d44   RTA_toHost$pipe$rdaddr
00009d48   RTA_toHost$pipe$rdcurdesc
00009d46   RTA_toHost$pipe$rdsize
00009d58   RTA_toHost$pipe$rdstshdl
00009d5a   RTA_toHost$pipe$wr
00009d5c   RTA_toHost$pipe$wraddr
00009d60   RTA_toHost$pipe$wrcurdesc
00009d5e   RTA_toHost$pipe$wrsize
00009d70   RTA_toHost$pipe$wrstshdl
00009fcc   RTA_toHost$rtdx
00000001   RTDX$
00000102   RTDX_BUFMEMSIZE
ffffffff   RTDX_DATAMEMSEG
00009b6a   RTDX_D_BufRead
00009b6c   RTDX_D_BufWrite
00009b6e   RTDX_D_Poll
003d87c3   RTDX_F_isr
00000000   RTDX_MODE
00000001   RTDX_USERTDX
00000000   RTDX_USERTEXECUTION
00000000   SEM$
00000000   SIO$
ffffffff   SRAM
00000001   STS$
00009d80   STS_A_TABBEG
00009de8   STS_A_TABEND
003d8efc   STS_F_add
003d8ef0   STS_F_delta
003d8f08   STS_F_reset
00000001   SWI$
00009cd0   SWI_A_TABBEG
00009cf8   SWI_A_TABEND
00000002   SWI_A_TABLEN
00009b14   SWI_D_curfxn
00009b10   SWI_D_curmask
00009b13   SWI_D_curmbox
00009b11   SWI_D_curset
00009b0e   SWI_D_execaddr
00009b54   SWI_D_inswi
00009b12   SWI_D_lock
00009b16   SWI_D_rdybeg
00009b18   SWI_D_rdytab
00009b0c   SWI_D_runaddr
00000000   SWI_EHOOKFXN
003d806f   SWI_EXECFXN
003d8000   SWI_F_enable
003d806f   SWI_F_exec
003d804b   SWI_F_exec_sync
003d8014   SWI_F_post
003d80ac   SWI_F_run
00000000   SWI_IHOOKFXN
003d80ac   SWI_RUNFXN
00000001   SYS$
00009fd6   SYS$config
003d9021   SYS_ABORTFXN
003d9031   SYS_ERRORFXN
003d9086   SYS_EXITFXN
003d904b   SYS_PUTCFXN
00004000   TRC_GBLTARG
003f8001   TRC_R_mask
003f8000   TRC_cinit
00000001   TSK$
00009346   TSK0
00009340   TSK0$obj
00000001   TSK0$ord
00000007   TSK0$pri
000095ce   TSK0$stack
000095ce   TSK0$stkptr
00009db2   TSK0$sts
003db278   TSK0$sts$avgfmt
00000002   TSK0$sts$filter
00000001   TSK0$sts$filtmaxmult
00000001   TSK0$sts$filtsummult
003db268   TSK0$sts$maxfmt
00009db0   TSK0$sts$stsobj
003db270   TSK0$sts$sumfmt
00000000   TSK0$sts$unittype
00000000   TSK0$tsk
00009386   TSK1
00009380   TSK1$obj
00000001   TSK1$ord
0000000b   TSK1$pri
00009ec0   TSK1$stack
00009ec0   TSK1$stkptr
00009dba   TSK1$sts
003db292   TSK1$sts$avgfmt
00000002   TSK1$sts$filter
00000001   TSK1$sts$filtmaxmult
00000001   TSK1$sts$filtsummult
003db282   TSK1$sts$maxfmt
00009db8   TSK1$sts$stsobj
003db28a   TSK1$sts$sumfmt
00000000   TSK1$sts$unittype
00000000   TSK1$tsk
000093c6   TSK2
000093c0   TSK2$obj
00000001   TSK2$ord
00000002   TSK2$pri
000096ce   TSK2$stack
000096ce   TSK2$stkptr
00009dc2   TSK2$sts
003db2ac   TSK2$sts$avgfmt
00000002   TSK2$sts$filter
00000001   TSK2$sts$filtmaxmult
00000001   TSK2$sts$filtsummult
003db29c   TSK2$sts$maxfmt
00009dc0   TSK2$sts$stsobj
003db2a4   TSK2$sts$sumfmt
00000000   TSK2$sts$unittype
00000000   TSK2$tsk
00009406   TSK3
00009400   TSK3$obj
00000001   TSK3$ord
00000004   TSK3$pri
000097ce   TSK3$stack
000097ce   TSK3$stkptr
00009dca   TSK3$sts
003db2c6   TSK3$sts$avgfmt
00000002   TSK3$sts$filter
00000001   TSK3$sts$filtmaxmult
00000001   TSK3$sts$filtsummult
003db2b6   TSK3$sts$maxfmt
00009dc8   TSK3$sts$stsobj
003db2be   TSK3$sts$sumfmt
00000000   TSK3$sts$unittype
00000000   TSK3$tsk
00009446   TSK4
00009440   TSK4$obj
00000001   TSK4$ord
00000003   TSK4$pri
000098ce   TSK4$stack
000098ce   TSK4$stkptr
00009dd2   TSK4$sts
003db2e0   TSK4$sts$avgfmt
00000002   TSK4$sts$filter
00000001   TSK4$sts$filtmaxmult
00000001   TSK4$sts$filtsummult
003db2d0   TSK4$sts$maxfmt
00009dd0   TSK4$sts$stsobj
003db2d8   TSK4$sts$sumfmt
00000000   TSK4$sts$unittype
00000000   TSK4$tsk
00009486   TSK5
00009480   TSK5$obj
00000001   TSK5$ord
00000005   TSK5$pri
00009f00   TSK5$stack
00009f00   TSK5$stkptr
00009dda   TSK5$sts
003db2fa   TSK5$sts$avgfmt
00000002   TSK5$sts$filter
00000001   TSK5$sts$filtmaxmult
00000001   TSK5$sts$filtsummult
003db2ea   TSK5$sts$maxfmt
00009dd8   TSK5$sts$stsobj
003db2f2   TSK5$sts$sumfmt
00000000   TSK5$sts$unittype
00000000   TSK5$tsk
00000000   TSK_NUM_HOOKS
00000001   TSK_PRIORITY
00000000   TSK_READYFXN
00000000   TSK_STACKSEG
00000100   TSK_STACKSIZE
00000000   TSK_SWITCHFXN
003d9089   TSK_VCREATEFXN
003d9089   TSK_VDELETEFXN
003d9089   TSK_VEXITFXN
000088b2   TSK_config
00009306   TSK_idle
00009300   TSK_idle$obj
00000000   TSK_idle$ord
00000000   TSK_idle$pri
000099ce   TSK_idle$stack
000099ce   TSK_idle$stkptr
00009daa   TSK_idle$sts
003db25e   TSK_idle$sts$avgfmt
00000002   TSK_idle$sts$filter
00000001   TSK_idle$sts$filtmaxmult
00000001   TSK_idle$sts$filtsummult
003db24e   TSK_idle$sts$maxfmt
00009da8   TSK_idle$sts$stsobj
003db256   TSK_idle$sts$sumfmt
00000000   TSK_idle$sts$unittype
00000000   TSK_idle$tsk
00000001   UDEV$
00009f98   UDEV_CAN$device
00009f92   UDEV_CAN$obj
00009faa   UDEV_ISA$device
00009fa4   UDEV_ISA$obj
00009f86   UDEV_uart0$device
00009f80   UDEV_uart0$obj
003d8df9   _ATM_andi
003d8df9   _ATM_andu
003d8e00   _ATM_cleari
003d8e00   _ATM_clearu
003d8e06   _ATM_deci
003d8e06   _ATM_decu
003d8e0c   _ATM_inci
003d8e0c   _ATM_incu
003d8e12   _ATM_ori
003d8e12   _ATM_oru
003d8e19   _ATM_seti
003d8e19   _ATM_setu
00007100   _AdcRegs
003daf13   _BIOS_init
003daf86   _BIOS_start
ffffffff   _BOOTROM
003d8fa1   _C28_plug
00008000   _CANMD_FXNS
003d909e   _CANMD_init
003d95a0   _CANPrd
00008540   _CANRxData
003d9fac   _CIRC_new
003d9fbe   _CIRC_readChar
003d9fda   _CIRC_writeChar
0000ea60   _CLK_COUNTSPMS
000088d8   _CLK_DFLTMICROSECS
00009ae2   _CLK_D_countspms
00009adc   _CLK_D_dirty
000088d6   _CLK_D_microseconds
00009ade   _CLK_D_prd
00009ae0   _CLK_D_tddr
0000ea5f   _CLK_PRD
00000c10   _CLK_REGS
00000021   _CLK_TCR
00000001   _CLK_TDDR
00000000   _CLK_TIMERNUM
00000001   _CLK_USETIMER
003d8c76   _CLK_getltime
00009ad4   _CLK_htimeDiv
00009ad6   _CLK_htimeMult
000085fe   _CLK_htimePerLtime
003d8c7a   _CLK_itime
00009ad8   _CLK_ltimeDiv
00009ada   _CLK_ltimeMult
00000c00   _CpuTimer0Regs
00000c08   _CpuTimer1Regs
00000c10   _CpuTimer2Regs
003f7ff8   _CsmPwl
00000ae0   _CsmRegs
000088c8   _DEV_D_devinit
000088c2   _DEV_devinit
003db062   _DEV_init
003d8d1b   _DEV_match
003db18e   _DataLogDMACtl
003db190   _DataLogDMAHigh
003db18c   _DataLogDMAId
003db194   _DataLogDMALow
00000880   _DevEmuRegs
003d9d39   _DisableDog
00006040   _ECanaLAMRegs
000060c0   _ECanaMOTORegs
00006080   _ECanaMOTSRegs
00006100   _ECanaMboxes
00006000   _ECanaRegs
00007400   _EvaRegs
00007500   _EvbRegs
ffffffff   _FLASH
003d9089   _FXN_F_nop
00000a80   _FlashRegs
00009ad0   _GBL_clkIn
00009ad2   _GBL_freq
003d9080   _GBL_getVersion
00009ace   _GBL_procId
000085f4   _GIO
000088ea   _GIO_ATTRS
000085f6   _GIO_CONFIG
003d83dc   _GIO_create
003d8c12   _GIO_delete
003db0bf   _GIO_init
003d88bf   _GIO_submit
000070e0   _GpioDataRegs
000070c0   _GpioMuxRegs
ffffffff   _H0SARAM
00008887   _HEAP
00000400   _HEAP_base
00000400   _HEAP_length
00009fb8   _HST_A_TABBEG
00009fd6   _HST_A_TABEND
000088da   _HWI_ATTRS
0000000f   _HWI_DLOG
00009b5a   _HWI_D_inhwi
000090f0   _HWI_D_intrNum
00009b55   _HWI_D_spsave
003d835d   _HWI_F_dispIsr0
003d8360   _HWI_F_dispIsr1
003d82cb   _HWI_F_dispIsrPie
003d82d2   _HWI_F_dispatch
00000013   _HWI_ILLEGAL
00000001   _HWI_INT1
0000000a   _HWI_INT10
0000000b   _HWI_INT11
0000000c   _HWI_INT12
0000000d   _HWI_INT13
00000002   _HWI_INT2
00000003   _HWI_INT3
00000004   _HWI_INT4
00000005   _HWI_INT5
00000006   _HWI_INT6
00000007   _HWI_INT7
00000008   _HWI_INT8
00000009   _HWI_INT9
00000012   _HWI_NMI
00000011   _HWI_RESERVED
00000000   _HWI_RESET
00000010   _HWI_RTOS
00000000   _HWI_STKBOTTOM
00000200   _HWI_STKTOP
0000000e   _HWI_TINT
00000014   _HWI_USER1
0000001d   _HWI_USER10
0000001e   _HWI_USER11
0000001f   _HWI_USER12
00000015   _HWI_USER2
00000016   _HWI_USER3
00000017   _HWI_USER4
00000018   _HWI_USER5
00000019   _HWI_USER6
0000001a   _HWI_USER7
0000001b   _HWI_USER8
0000001c   _HWI_USER9
00009b55   _HWI_data
003d9041   _HWI_disable
003d8bd5   _HWI_dispatchPlug
00008df0   _HWI_dispatchTab
003d9045   _HWI_enable
003d9047   _HWI_restore
003d9070   _IDL_F_loop
00009de2   _IDL_busyObj
00009e70   _IDL_cpuLoad
003d9083   _IOM_mdNotImpl
00008282   _ISAMD_FXNS
003d95c0   _ISAMD_init
003d93f5   _InitECan
003d9294   _InitECan1
003f9c00   _InitFlash
003d97d7   _InitISA
003d9d41   _InitPeripheralClocks
003d9b86   _InitScia
003d9946   _IsaPrd
000087da   _KNL_alarm
003d8cb6   _KNL_check
000087c8   _KNL_curqueue
000087dc   _KNL_curtask
000087c0   _KNL_curtime
000087e2   _KNL_dummy
003d8d89   _KNL_enter
003d8d7d   _KNL_exit
003d8cd7   _KNL_idle
000087cc   _KNL_idlefxn
000087d6   _KNL_inactive
003d8e8b   _KNL_ipost
003d8ce0   _KNL_max
000087c4   _KNL_maxqueue
003d8fd3   _KNL_post
000087de   _KNL_prevtask
000087e0   _KNL_priority
00008800   _KNL_queues
003d8632   _KNL_run
003d8d6a   _KNL_saveIsrFrame
000087c2   _KNL_set
000087d4   _KNL_setpri
00009cd0   _KNL_swi
000087c6   _KNL_swiptr
003d8d4c   _KNL_switch
000087ce   _KNL_tcreatefxn
000087d0   _KNL_tdeletefxn
003d88ba   _KNL_tick
000087ca   _KNL_treadyfxn
000087d2   _KNL_tswitchfxn
000087c1   _KNL_wFlag
000087d8   _KNL_wList
003d8db6   _LCK_pend
003d8da8   _LCK_post
003d82c0   _LNK_F_readCallBack
00009e72   _LNK_dataPump
000092f2   _LOG_A_TABBEG
000092fc   _LOG_A_TABEND
00000001   _LOG_A_TABLEN
00009af6   _LOG_D_system
003d9076   _LOG_event
000092f2   _LOG_system
ffffffff   _LSARAM
00009b94   _MBX0
00009bca   _MBX1
00009c00   _MBX2
003d89d1   _MBX_pend
003d899d   _MBX_post
000088ec   _MEM
00009b5b   _MEM_D_NUMSEGMENTS
00009b5e   _MEM_D_freelist
00009b60   _MEM_D_lockaddr
00009b5c   _MEM_D_memtab
00009b62   _MEM_D_unlockaddr
003d86ba   _MEM_alloc
003d8930   _MEM_free
003db01c   _MEM_init
00008880   _MEM_memtab
003d8f6c   _MEM_valloc
ffffffff   _MSARAM
00007800   _McbspaRegs
003db198   _MsgBaseHigh
003db19a   _MsgBaseLow
003d8e20   _OBJ_create
003d8f10   _OBJ_delete
003db0c0   _OBJ_init
00008878   _OBJ_segtab
00008896   _OBJ_table
ffffffff   _OTP
ffffffff   _PIEVECT
00000068   _PIE_INT10_1
00000069   _PIE_INT10_2
0000006a   _PIE_INT10_3
0000006b   _PIE_INT10_4
0000006c   _PIE_INT10_5
0000006d   _PIE_INT10_6
0000006e   _PIE_INT10_7
0000006f   _PIE_INT10_8
00000070   _PIE_INT11_1
00000071   _PIE_INT11_2
00000072   _PIE_INT11_3
00000073   _PIE_INT11_4
00000074   _PIE_INT11_5
00000075   _PIE_INT11_6
00000076   _PIE_INT11_7
00000077   _PIE_INT11_8
00000078   _PIE_INT12_1
00000079   _PIE_INT12_2
0000007a   _PIE_INT12_3
0000007b   _PIE_INT12_4
0000007c   _PIE_INT12_5
0000007d   _PIE_INT12_6
0000007e   _PIE_INT12_7
0000007f   _PIE_INT12_8
00000020   _PIE_INT1_1
00000021   _PIE_INT1_2
00000022   _PIE_INT1_3
00000023   _PIE_INT1_4
00000024   _PIE_INT1_5
00000025   _PIE_INT1_6
00000026   _PIE_INT1_7
00000027   _PIE_INT1_8
00000028   _PIE_INT2_1
00000029   _PIE_INT2_2
0000002a   _PIE_INT2_3
0000002b   _PIE_INT2_4
0000002c   _PIE_INT2_5
0000002d   _PIE_INT2_6
0000002e   _PIE_INT2_7
0000002f   _PIE_INT2_8
00000030   _PIE_INT3_1
00000031   _PIE_INT3_2
00000032   _PIE_INT3_3
00000033   _PIE_INT3_4
00000034   _PIE_INT3_5
00000035   _PIE_INT3_6
00000036   _PIE_INT3_7
00000037   _PIE_INT3_8
00000038   _PIE_INT4_1
00000039   _PIE_INT4_2
0000003a   _PIE_INT4_3
0000003b   _PIE_INT4_4
0000003c   _PIE_INT4_5
0000003d   _PIE_INT4_6
0000003e   _PIE_INT4_7
0000003f   _PIE_INT4_8
00000040   _PIE_INT5_1
00000041   _PIE_INT5_2
00000042   _PIE_INT5_3
00000043   _PIE_INT5_4
00000044   _PIE_INT5_5
00000045   _PIE_INT5_6
00000046   _PIE_INT5_7
00000047   _PIE_INT5_8
00000048   _PIE_INT6_1
00000049   _PIE_INT6_2
0000004a   _PIE_INT6_3
0000004b   _PIE_INT6_4
0000004c   _PIE_INT6_5
0000004d   _PIE_INT6_6
0000004e   _PIE_INT6_7
0000004f   _PIE_INT6_8
00000050   _PIE_INT7_1
00000051   _PIE_INT7_2
00000052   _PIE_INT7_3
00000053   _PIE_INT7_4
00000054   _PIE_INT7_5
00000055   _PIE_INT7_6
00000056   _PIE_INT7_7
00000057   _PIE_INT7_8
00000058   _PIE_INT8_1
00000059   _PIE_INT8_2
0000005a   _PIE_INT8_3
0000005b   _PIE_INT8_4
0000005c   _PIE_INT8_5
0000005d   _PIE_INT8_6
0000005e   _PIE_INT8_7
0000005f   _PIE_INT8_8
00000060   _PIE_INT9_1
00000061   _PIE_INT9_2
00000062   _PIE_INT9_3
00000063   _PIE_INT9_4
00000064   _PIE_INT9_5
00000065   _PIE_INT9_6
00000066   _PIE_INT9_7
00000067   _PIE_INT9_8
00009d00   _PIP_A_TABBEG
00009d80   _PIP_A_TABEND
00009e4c   _PRD0
00009e58   _PRD1
00009e64   _PRD2
00009b0b   _PRD_D_tick
00009fde   _PRD_clock
003d8fba   _PRD_getticks
003d8fc1   _PRD_start
003d8fd0   _PRD_stop
00009ce4   _PRD_swi
003d8fbe   _PRD_tick
00000ce0   _PieCtrlRegs
00000d00   _PieVectTable
003d900f   _QUE_get
003d9018   _QUE_put
00009e74   _RTA_dispatcher
00009fba   _RTA_fromHost
00009fc8   _RTA_toHost
000094aa   _RTDX_Buffer
000095bc   _RTDX_Buffer_End
003daeb0   _RTDX_Buffer_Initialize
003daefa   _RTDX_Buffer_Read
003daec7   _RTDX_Buffer_ReadCB
003daee5   _RTDX_Buffer_Size
000095be   _RTDX_Buffer_Start
003daf03   _RTDX_Buffer_Write
003dacf0   _RTDX_Buffer_WriteCB
003daed8   _RTDX_Final_RT_Monitor
003dae80   _RTDX_Init_RT_Monitor
00000002   _RTDX_JTAGONLY
00000001   _RTDX_LMM
003da0bc   _RTDX_Mask_IER
003dae4e   _RTDX_Mon_Queue
003dad73   _RTDX_Poll
003da0d5   _RTDX_Set_IER
00000000   _RTDX_interrupt_mask
000095ac   _RTDX_writing
003da0fa   _RamfuncsLoadEnd
003da0db   _RamfuncsLoadStart
003f9c00   _RamfuncsRunStart
000088de   _SEM_ATTRS
003d8ead   _SEM_create
003d907b   _SEM_delete
003d8f2f   _SEM_pend
003d85a1   _SEM_pendEnterKnl
003d8c82   _SEM_post
003d8c82   _SEM_postBinary
003d8e68   _SEM_postEnterKnl
ffffffff   _SRAM
00009d80   _STS_A_TABBEG
00009de8   _STS_A_TABEND
003d8efc   _STS_add
003d8ef0   _STS_delta
003d8f08   _STS_reset
003d8f05   _STS_set
00009b14   _SWI_D_curfxn
00009b10   _SWI_D_curmask
00009b54   _SWI_D_inswi
00009b12   _SWI_D_lock
00009b16   _SWI_D_rdybeg
00009b0c   _SWI_data
003d8000   _SWI_enable
003d8014   _SWI_post
00009b64   _SYS
000090f1   _SYS_PUTCBEG
000092f0   _SYS_PUTCEND
003d9067   _SYS_abort
003d9055   _SYS_error
003d8ecf   _SYS_exit
000085e4   _SYS_exitStack
000085e0   _SYS_exitStackPtr
000085e2   _SYS_exitStackTop
00007050   _SciaRegs
00007750   _ScibRegs
00007040   _SpiaRegs
003db19c   _StatBase
00007010   _SysCtrlRegs
003f8001   _TRC_R_mask
000088c0   _TSK
00009346   _TSK0
00009386   _TSK1
000093c6   _TSK2
00009406   _TSK3
00009446   _TSK4
00009486   _TSK5
000084a2   _TSK_ATTRS
003d8a04   _TSK_exit
00009306   _TSK_idle
003db09c   _TSK_init
000084a1   _TSK_nTasks
000084a0   _TSK_pid
003d8b2a   _TSK_setup
003d8bad   _TSK_startup
000084b0   _TSK_timerSem
00008700   _UARTMD_FXNS
003d997d   _UARTMD_init
003d9021   _UTL_doAbort
003d9031   _UTL_doError
003d904b   _UTL_doPutc
003d9086   _UTL_halt
00007070   _XIntruptRegs
00000b20   _XintfRegs
003d873f   __CLK_hwienter
000088cc   __DEV_D_NUMINITFXNS
000088ca   __DEV_NUMINITFXNS
003d8e45   __GIO_iomCallback
000088ce   __HOOK_NUMHOOKS
00008886   __HOOK_knlId
00008864   __MEM_mutex
003d8a69   __SEM_dopost
00000200   __STACK_END
00000200   __STACK_SIZE
00008850   __TSK_mutex
003da00f   ___add_dtor
00008601   ___atexit_func_id__
ffffffff   ___binit__
00008000   ___bss__
ffffffff   ___c_args__
003da0fa   ___cinit__
003d8000   ___data__
003d8000   ___edata__
00008000   ___end__
003da0db   ___etext__
003da061   ___memcpy_ff
003db1f0   ___pinit__
003d908a   ___text__
000088e6   __cleanup_ptr
000088e8   __dtors_ptr
000088e4   __lock
003da0cd   __nop
003da0c9   __register_lock
003da0c5   __register_unlock
00000000   __stack
000088e2   __unlock
003da082   _abort
003da01a   _atexit
003dafc0   _c_int00
003d9ff5   _call_dtors
003d94a4   _can0Isr
000084c0   _canInHandle
000084c2   _canOutHandle
000088ee   _dtors
003da084   _exit
000084c4   _gioHandle
000084c6   _gioOut
00000e00   _hwi_vec_loadend
00000100   _hwi_vec_loadsize
00000d00   _hwi_vec_loadstart
00000d00   _hwi_vec_runstart
000084c8   _isaInHandle
000084ca   _isaOutHandle
003d9cd9   _main
003da0ce   _memset
000084cc   _packet
003d9bf1   _prd0
000088d0   _rtdxNullChanCnt
000088d1   _rtdxNullFuncCnt
000095ae   _rtdx_buffer_state
000095c0   _rtdx_mon_state
003d9b6b   _scia_fifo_init
003da0b2   _strlen
003da09b   _strncmp
003d9d5b   _task0
003d9e0a   _task1
003d9e38   _task2
003d9e85   _task3
003d9f4b   _task4
003d9f91   _task5
00008500   _uartFrame
003d9cd4   _userInit
ffffffff   binit
003da0fa   cinit
003d8000   edata
00008000   end
003da0db   etext
00000d00   hwi0
00000d02   hwi1
00000d14   hwi10
00000dc8   hwi100
00000dca   hwi101
00000dcc   hwi102
00000dce   hwi103
00000dd0   hwi104
00000dd2   hwi105
00000dd4   hwi106
00000dd6   hwi107
00000dd8   hwi108
00000dda   hwi109
00000d16   hwi11
00000ddc   hwi110
00000dde   hwi111
00000de0   hwi112
00000de2   hwi113
00000de4   hwi114
00000de6   hwi115
00000de8   hwi116
00000dea   hwi117
00000dec   hwi118
00000dee   hwi119
00000d18   hwi12
00000df0   hwi120
00000df2   hwi121
00000df4   hwi122
00000df6   hwi123
00000df8   hwi124
00000dfa   hwi125
00000dfc   hwi126
00000dfe   hwi127
00000d1a   hwi13
00000d1c   hwi14
00000d1e   hwi15
00000d20   hwi16
00000d22   hwi17
00000d24   hwi18
00000d26   hwi19
00000d04   hwi2
00000d28   hwi20
00000d2a   hwi21
00000d2c   hwi22
00000d2e   hwi23
00000d30   hwi24
00000d32   hwi25
00000d34   hwi26
00000d36   hwi27
00000d38   hwi28
00000d3a   hwi29
00000d06   hwi3
00000d3c   hwi30
00000d3e   hwi31
00000d40   hwi32
00000d42   hwi33
00000d44   hwi34
00000d46   hwi35
00000d48   hwi36
00000d4a   hwi37
00000d4c   hwi38
00000d4e   hwi39
00000d08   hwi4
00000d50   hwi40
00000d52   hwi41
00000d54   hwi42
00000d56   hwi43
00000d58   hwi44
00000d5a   hwi45
00000d5c   hwi46
00000d5e   hwi47
00000d60   hwi48
00000d62   hwi49
00000d0a   hwi5
00000d64   hwi50
00000d66   hwi51
00000d68   hwi52
00000d6a   hwi53
00000d6c   hwi54
00000d6e   hwi55
00000d70   hwi56
00000d72   hwi57
00000d74   hwi58
00000d76   hwi59
00000d0c   hwi6
00000d78   hwi60
00000d7a   hwi61
00000d7c   hwi62
00000d7e   hwi63
00000d80   hwi64
00000d82   hwi65
00000d84   hwi66
00000d86   hwi67
00000d88   hwi68
00000d8a   hwi69
00000d0e   hwi7
00000d8c   hwi70
00000d8e   hwi71
00000d90   hwi72
00000d92   hwi73
00000d94   hwi74
00000d96   hwi75
00000d98   hwi76
00000d9a   hwi77
00000d9c   hwi78
00000d9e   hwi79
00000d10   hwi8
00000da0   hwi80
00000da2   hwi81
00000da4   hwi82
00000da6   hwi83
00000da8   hwi84
00000daa   hwi85
00000dac   hwi86
00000dae   hwi87
00000db0   hwi88
00000db2   hwi89
00000d12   hwi9
00000db4   hwi90
00000db6   hwi91
00000db8   hwi92
00000dba   hwi93
00000dbc   hwi94
00000dbe   hwi95
00000dc0   hwi96
00000dc2   hwi97
00000dc4   hwi98
00000dc6   hwi99
003d8ff6   iRTA_F_or
003db1f0   pinit


GLOBAL SYMBOLS: SORTED BY Symbol Address 

address    name
--------   ----
00000000   BIOSDATA_O_GBL_PROCID
00000000   BUF$
00000000   CLK_COUNTSPMSHIGH
00000000   CLK_FREERUN
00000000   CLK_PRDHIGH
00000000   CLK_TDDRHIGH
00000000   CLK_TIMERNUM
00000000   DEV$
00000000   DGN$
00000000   DHL$
00000000   DHL_gChannelsAvailable
00000000   DIO$
00000000   DIO_NUMSWIBASE
00000000   DIO_NUMTSKBASE
00000000   DIO_STATIC
00000000   DPI$
00000000   GBL_CALLCSLCFGINIT
00000000   GBL_NULL
00000000   GBL_PROCID
00000000   GBL_ROM
00000000   GBL_SUPPORTCSL
00000000   GBL_stackbeg
00000000   GIO$
00000000   HOOK$
00000000   HOOK_KNLID
00000000   HST_DSM
00000000   HST_NONE
00000000   HWI_DLOG$hwi
00000000   HWI_ILLEGAL$hwi
00000000   HWI_INT1$hwi
00000000   HWI_INT10$hwi
00000000   HWI_INT11$hwi
00000000   HWI_INT12$hwi
00000000   HWI_INT13$hwi
00000000   HWI_INT2$hwi
00000000   HWI_INT3$hwi
00000000   HWI_INT4$hwi
00000000   HWI_INT5$hwi
00000000   HWI_INT6$hwi
00000000   HWI_INT7$hwi
00000000   HWI_INT8$hwi
00000000   HWI_INT9$hwi
00000000   HWI_NMI$hwi
00000000   HWI_RESERVED$hwi
00000000   HWI_RESET
00000000   HWI_RESET$hwi
00000000   HWI_RTOS$hwi
00000000   HWI_TINT$hwi
00000000   HWI_USER1$hwi
00000000   HWI_USER10$hwi
00000000   HWI_USER11$hwi
00000000   HWI_USER12$hwi
00000000   HWI_USER2$hwi
00000000   HWI_USER3$hwi
00000000   HWI_USER4$hwi
00000000   HWI_USER5$hwi
00000000   HWI_USER6$hwi
00000000   HWI_USER7$hwi
00000000   HWI_USER8$hwi
00000000   HWI_USER9$hwi
00000000   IDL_CALIBRERROR
00000000   IDL_busyObj$iB
00000000   IDL_busyObj$operation
00000000   KNL_swi$ord
00000000   KNL_swi$pri
00000000   KNL_swi$sts$unittype
00000000   KNL_swi$swi
00000000   LOG_system$datatype
00000000   LOG_system$log
00000000   MEM_NULL
00000000   MSGQ$
00000000   MSGQ_USEMSGQ
00000000   OBJ$
00000000   PIE_INT10_1$hwi
00000000   PIE_INT10_2$hwi
00000000   PIE_INT10_3$hwi
00000000   PIE_INT10_4$hwi
00000000   PIE_INT10_5$hwi
00000000   PIE_INT10_6$hwi
00000000   PIE_INT10_7$hwi
00000000   PIE_INT10_8$hwi
00000000   PIE_INT11_1$hwi
00000000   PIE_INT11_2$hwi
00000000   PIE_INT11_3$hwi
00000000   PIE_INT11_4$hwi
00000000   PIE_INT11_5$hwi
00000000   PIE_INT11_6$hwi
00000000   PIE_INT11_7$hwi
00000000   PIE_INT11_8$hwi
00000000   PIE_INT12_1$hwi
00000000   PIE_INT12_2$hwi
00000000   PIE_INT12_3$hwi
00000000   PIE_INT12_4$hwi
00000000   PIE_INT12_5$hwi
00000000   PIE_INT12_6$hwi
00000000   PIE_INT12_7$hwi
00000000   PIE_INT12_8$hwi
00000000   PIE_INT1_1$hwi
00000000   PIE_INT1_2$hwi
00000000   PIE_INT1_3$hwi
00000000   PIE_INT1_4$hwi
00000000   PIE_INT1_5$hwi
00000000   PIE_INT1_6$hwi
00000000   PIE_INT1_7$hwi
00000000   PIE_INT1_8$hwi
00000000   PIE_INT2_1$hwi
00000000   PIE_INT2_2$hwi
00000000   PIE_INT2_3$hwi
00000000   PIE_INT2_4$hwi
00000000   PIE_INT2_5$hwi
00000000   PIE_INT2_6$hwi
00000000   PIE_INT2_7$hwi
00000000   PIE_INT2_8$hwi
00000000   PIE_INT3_1$hwi
00000000   PIE_INT3_2$hwi
00000000   PIE_INT3_3$hwi
00000000   PIE_INT3_4$hwi
00000000   PIE_INT3_5$hwi
00000000   PIE_INT3_6$hwi
00000000   PIE_INT3_7$hwi
00000000   PIE_INT3_8$hwi
00000000   PIE_INT4_1$hwi
00000000   PIE_INT4_2$hwi
00000000   PIE_INT4_3$hwi
00000000   PIE_INT4_4$hwi
00000000   PIE_INT4_5$hwi
00000000   PIE_INT4_6$hwi
00000000   PIE_INT4_7$hwi
00000000   PIE_INT4_8$hwi
00000000   PIE_INT5_1$hwi
00000000   PIE_INT5_2$hwi
00000000   PIE_INT5_3$hwi
00000000   PIE_INT5_4$hwi
00000000   PIE_INT5_5$hwi
00000000   PIE_INT5_6$hwi
00000000   PIE_INT5_7$hwi
00000000   PIE_INT5_8$hwi
00000000   PIE_INT6_1$hwi
00000000   PIE_INT6_2$hwi
00000000   PIE_INT6_3$hwi
00000000   PIE_INT6_4$hwi
00000000   PIE_INT6_5$hwi
00000000   PIE_INT6_6$hwi
00000000   PIE_INT6_7$hwi
00000000   PIE_INT6_8$hwi
00000000   PIE_INT7_1$hwi
00000000   PIE_INT7_2$hwi
00000000   PIE_INT7_3$hwi
00000000   PIE_INT7_4$hwi
00000000   PIE_INT7_5$hwi
00000000   PIE_INT7_6$hwi
00000000   PIE_INT7_7$hwi
00000000   PIE_INT7_8$hwi
00000000   PIE_INT8_1$hwi
00000000   PIE_INT8_2$hwi
00000000   PIE_INT8_3$hwi
00000000   PIE_INT8_4$hwi
00000000   PIE_INT8_5$hwi
00000000   PIE_INT8_6$hwi
00000000   PIE_INT8_7$hwi
00000000   PIE_INT8_8$hwi
00000000   PIE_INT9_1$hwi
00000000   PIE_INT9_2$hwi
00000000   PIE_INT9_3$hwi
00000000   PIE_INT9_4$hwi
00000000   PIE_INT9_5$hwi
00000000   PIE_INT9_6$hwi
00000000   PIE_INT9_7$hwi
00000000   PIE_INT9_8$hwi
00000000   PIP$
00000000   PIP_gNextId
00000000   POOL$
00000000   POOL_USEPOOL
00000000   PRD0$prd
00000000   PRD0$sts$filter
00000000   PRD1$prd
00000000   PRD1$sts$filter
00000000   PRD2$prd
00000000   PRD2$sts$filter
00000000   PRD_swi$ord
00000000   PRD_swi$sts$unittype
00000000   PRD_swi$swi
00000000   RTA_fromHost$hst
00000000   RTA_fromHost$mode
00000000   RTA_toHost$hst
00000000   RTA_toHost$id
00000000   RTDX_MODE
00000000   RTDX_USERTEXECUTION
00000000   SEM$
00000000   SIO$
00000000   SWI_EHOOKFXN
00000000   SWI_IHOOKFXN
00000000   TSK0$sts$unittype
00000000   TSK0$tsk
00000000   TSK1$sts$unittype
00000000   TSK1$tsk
00000000   TSK2$sts$unittype
00000000   TSK2$tsk
00000000   TSK3$sts$unittype
00000000   TSK3$tsk
00000000   TSK4$sts$unittype
00000000   TSK4$tsk
00000000   TSK5$sts$unittype
00000000   TSK5$tsk
00000000   TSK_NUM_HOOKS
00000000   TSK_READYFXN
00000000   TSK_STACKSEG
00000000   TSK_SWITCHFXN
00000000   TSK_idle$ord
00000000   TSK_idle$pri
00000000   TSK_idle$sts$unittype
00000000   TSK_idle$tsk
00000000   _CLK_TIMERNUM
00000000   _HWI_RESET
00000000   _HWI_STKBOTTOM
00000000   _RTDX_interrupt_mask
00000000   __stack
00000001   BUF_ENABLED
00000001   CLK$
00000001   CLK_CALDIV
00000001   CLK_CALMULT
00000001   CLK_HTIMEDIV
00000001   CLK_LTIMEDIV
00000001   CLK_TDDR
00000001   CLK_USETIMER
00000001   GBL$
00000001   GBL_ENABLEINST
00000001   GBL_LARGEMODEL
00000001   GBL_MODIFYPLLCR
00000001   GBL_USERINIT
00000001   GBL_boot
00000001   HST$
00000001   HST_RTDX
00000001   HWI$
00000001   HWI_INT1
00000001   HWI_PIESELECT
00000001   HWI_VMAPSELECT
00000001   IDL$
00000001   IDL_USECLKIDLTIME
00000001   IDL_busyObj$filter
00000001   IDL_busyObj$iA
00000001   IDL_busyObj$iC
00000001   KNL_swi$dorta
00000001   KNL_swi$sts$filtmaxmult
00000001   KNL_swi$sts$filtsummult
00000001   LCK$
00000001   LOG$
00000001   LOG_A_TABLEN
00000001   LOG_ENABLED
00000001   MBX$
00000001   MEM$
00000001   MEM_gNumHeap
00000001   PIE$
00000001   PRD$
00000001   PRD0$mode
00000001   PRD0$ord
00000001   PRD1$mode
00000001   PRD1$ord
00000001   PRD2$mode
00000001   PRD2$ord
00000001   PRD_SCALAR
00000001   PRD_swi$dorta
00000001   PRD_swi$pri
00000001   PRD_swi$sts$filtmaxmult
00000001   PRD_swi$sts$filtsummult
00000001   QUE$
00000001   RTA_fromHost$id
00000001   RTA_toHost$mode
00000001   RTDX$
00000001   RTDX_USERTDX
00000001   STS$
00000001   SWI$
00000001   SYS$
00000001   TSK$
00000001   TSK0$ord
00000001   TSK0$sts$filtmaxmult
00000001   TSK0$sts$filtsummult
00000001   TSK1$ord
00000001   TSK1$sts$filtmaxmult
00000001   TSK1$sts$filtsummult
00000001   TSK2$ord
00000001   TSK2$sts$filtmaxmult
00000001   TSK2$sts$filtsummult
00000001   TSK3$ord
00000001   TSK3$sts$filtmaxmult
00000001   TSK3$sts$filtsummult
00000001   TSK4$ord
00000001   TSK4$sts$filtmaxmult
00000001   TSK4$sts$filtsummult
00000001   TSK5$ord
00000001   TSK5$sts$filtmaxmult
00000001   TSK5$sts$filtsummult
00000001   TSK_PRIORITY
00000001   TSK_idle$sts$filtmaxmult
00000001   TSK_idle$sts$filtsummult
00000001   UDEV$
00000001   _CLK_TDDR
00000001   _CLK_USETIMER
00000001   _HWI_INT1
00000001   _LOG_A_TABLEN
00000001   _RTDX_LMM
00000002   BIOSDATA_O_GBL_CLKIN
00000002   CLK_HTIMEMULT
00000002   GBL_PLLDIV
00000002   HWI_INT2
00000002   IDL_busyObj$unittype
00000002   KNL_swi$sts$filter
00000002   PIP_A_TABLEN
00000002   PIP_gNumEmbed
00000002   PRD0$sts$unittype
00000002   PRD1$sts$unittype
00000002   PRD2$sts$unittype
00000002   PRD_swi$sts$filter
00000002   SWI_A_TABLEN
00000002   TSK0$sts$filter
00000002   TSK1$sts$filter
00000002   TSK2$pri
00000002   TSK2$sts$filter
00000002   TSK3$sts$filter
00000002   TSK4$sts$filter
00000002   TSK5$sts$filter
00000002   TSK_idle$sts$filter
00000002   _HWI_INT2
00000002   _RTDX_JTAGONLY
00000003   HWI_INT3
00000003   PRD_A_TABLEN
00000003   TSK4$pri
00000003   _HWI_INT3
00000004   BIOSDATA_O_GBL_FREQ
00000004   HWI_INT4
00000004   TSK3$pri
00000004   _HWI_INT4
00000005   HWI_INT5
00000005   TSK5$pri
00000005   _HWI_INT5
00000006   BIOSDATA_O_CLK_HTIMEDIV
00000006   HWI_INT6
00000006   _HWI_INT6
00000007   HWI_INT7
00000007   TSK0$pri
00000007   _HWI_INT7
00000008   BIOSDATA_O_CLK_HTIMEMULT
00000008   GBL_PLLCR
00000008   HWI_INT8
00000008   RTA_fromHost$framesize
00000008   _HWI_INT8
00000009   HWI_INT9
00000009   _HWI_INT9
0000000a   BIOSDATA_O_CLK_LTIMEDIV
0000000a   HWI_INT10
0000000a   PRD1$period
0000000a   _HWI_INT10
0000000b   HWI_INT11
0000000b   TSK1$pri
0000000b   _HWI_INT11
0000000c   BIOSDATA_O_CLK_LTIMEMULT
0000000c   HWI_INT12
0000000c   _HWI_INT12
0000000d   HWI_INT13
0000000d   _HWI_INT13
0000000e   BIOSDATA_O_CLK_D_DIRTY
0000000e   HWI_TINT
0000000e   _HWI_TINT
0000000f   HWI_DLOG
0000000f   _HWI_DLOG
00000010   BIOSDATA_O_CLK_D_PRD
00000010   HWI_RTOS
00000010   _HWI_RTOS
00000011   HWI_RESERVED
00000011   _HWI_RESERVED
00000012   BIOSDATA_O_CLK_D_TDDR
00000012   HWI_NMI
00000012   _HWI_NMI
00000013   HWI_ILLEGAL
00000013   _HWI_ILLEGAL
00000014   BIOSDATA_O_CLK_D_COUNTSPMS
00000014   HWI_USER1
00000014   PRD0$period
00000014   PRD2$period
00000014   _HWI_USER1
00000015   HWI_USER2
00000015   _HWI_USER2
00000016   BIOSDATA_O_CLK_D_IDLETIME
00000016   HWI_USER3
00000016   _HWI_USER3
00000017   HWI_USER4
00000017   _HWI_USER4
00000018   BIOSDATA_O_CLK_D_ISRHOOK
00000018   HWI_USER5
00000018   _HWI_USER5
00000019   HWI_USER6
00000019   _HWI_USER6
0000001a   BIOSDATA_O_CLK_D_TABBEG
0000001a   HWI_USER7
0000001a   _HWI_USER7
0000001b   HWI_USER8
0000001b   _HWI_USER8
0000001c   BIOSDATA_O_CLK_D_TIMEFXN
0000001c   GBL_DSPTYPE
0000001c   HWI_USER9
0000001c   _HWI_USER9
0000001d   HWI_USER10
0000001d   _HWI_USER10
0000001e   BIOSDATA_O_CLK_R_TIMH
0000001e   HWI_USER11
0000001e   _HWI_USER11
0000001f   BIOSDATA_O_CLK_R_TIML
0000001f   HWI_USER12
0000001f   _HWI_USER12
00000020   BIOSDATA_O_HST_D_CHANMASK
00000020   PIE_INT1_1
00000020   _PIE_INT1_1
00000021   CLK_TCR
00000021   PIE_INT1_2
00000021   _CLK_TCR
00000021   _PIE_INT1_2
00000022   BIOSDATA_O_IDL_D_CALBEG
00000022   PIE_INT1_3
00000022   _PIE_INT1_3
00000023   PIE_INT1_4
00000023   _PIE_INT1_4
00000024   BIOSDATA_O_IDL_D_CALIBRATE
00000024   PIE_INT1_5
00000024   _PIE_INT1_5
00000025   PIE_INT1_6
00000025   _PIE_INT1_6
00000026   BIOSDATA_O_IDL_D_TABBEG
00000026   PIE_INT1_7
00000026   _PIE_INT1_7
00000027   PIE_INT1_8
00000027   _PIE_INT1_8
00000028   BIOSDATA_O_LOG_D_SYSTEM
00000028   PIE_INT2_1
00000028   _PIE_INT2_1
00000029   PIE_INT2_2
00000029   _PIE_INT2_2
0000002a   BIOSDATA_O_PIP_D_TABBEG
0000002a   PIE_INT2_3
0000002a   _PIE_INT2_3
0000002b   PIE_INT2_4
0000002b   _PIE_INT2_4
0000002c   BIOSDATA_O_PIP_D_TABLEN
0000002c   PIE_INT2_5
0000002c   _PIE_INT2_5
0000002d   PIE_INT2_6
0000002d   _PIE_INT2_6
0000002e   BIOSDATA_O_PRD_D_CUR
0000002e   PIE_INT2_7
0000002e   _PIE_INT2_7
0000002f   PIE_INT2_8
0000002f   _PIE_INT2_8
00000030   BIOSDATA_O_PRD_D_ELAPSED
00000030   PIE_INT3_1
00000030   _PIE_INT3_1
00000031   BIOSDATA_O_PRD_D_PREVTIM
00000031   PIE_INT3_2
00000031   _PIE_INT3_2
00000032   BIOSDATA_O_PRD_D_SCALAR
00000032   PIE_INT3_3
00000032   PIP_OBJSIZE
00000032   _PIE_INT3_3
00000033   PIE_INT3_4
00000033   _PIE_INT3_4
00000034   BIOSDATA_O_PRD_D_SWIHANDLE
00000034   PIE_INT3_5
00000034   _PIE_INT3_5
00000035   PIE_INT3_6
00000035   _PIE_INT3_6
00000036   BIOSDATA_O_PRD_D_TABBEG
00000036   PIE_INT3_7
00000036   _PIE_INT3_7
00000037   PIE_INT3_8
00000037   _PIE_INT3_8
00000038   BIOSDATA_O_PRD_D_TABLEN
00000038   PIE_INT4_1
00000038   _PIE_INT4_1
00000039   PIE_INT4_2
00000039   _PIE_INT4_2
0000003a   BIOSDATA_O_PRD_D_THOOK
0000003a   PIE_INT4_3
0000003a   _PIE_INT4_3
0000003b   PIE_INT4_4
0000003b   _PIE_INT4_4
0000003c   BIOSDATA_O_PRD_D_TICKH
0000003c   PIE_INT4_5
0000003c   _PIE_INT4_5
0000003d   BIOSDATA_O_PRD_D_TICKL
0000003d   PIE_INT4_6
0000003d   _PIE_INT4_6
0000003e   BIOSDATA_O_SWI_D_RUNADDR
0000003e   PIE_INT4_7
0000003e   _PIE_INT4_7
0000003f   PIE_INT4_8
0000003f   _PIE_INT4_8
00000040   BIOSDATA_O_SWI_D_EXECADDR
00000040   HST_MAXFRAMESET
00000040   LOG_system$size
00000040   PIE_INT5_1
00000040   RTA_toHost$framesize
00000040   _PIE_INT5_1
00000041   PIE_INT5_2
00000041   _PIE_INT5_2
00000042   BIOSDATA_O_SWI_D_CURMASK
00000042   GBL_FOOTPRINT
00000042   PIE_INT5_3
00000042   _PIE_INT5_3
00000043   BIOSDATA_O_SWI_D_CURSET
00000043   PIE_INT5_4
00000043   _PIE_INT5_4
00000044   BIOSDATA_O_SWI_D_LOCK
00000044   PIE_INT5_5
00000044   _PIE_INT5_5
00000045   BIOSDATA_O_SWI_D_CURMBOX
00000045   PIE_INT5_6
00000045   _PIE_INT5_6
00000046   BIOSDATA_O_SWI_D_CURFXN
00000046   PIE_INT5_7
00000046   _PIE_INT5_7
00000047   PIE_INT5_8
00000047   _PIE_INT5_8
00000048   BIOSDATA_O_SWI_D_RDYBEG
00000048   PIE_INT6_1
00000048   _PIE_INT6_1
00000049   PIE_INT6_2
00000049   _PIE_INT6_2
0000004a   BIOSDATA_O_SWI_D_RDYTAB
0000004a   PIE_INT6_3
0000004a   _PIE_INT6_3
0000004b   PIE_INT6_4
0000004b   _PIE_INT6_4
0000004c   PIE_INT6_5
0000004c   _PIE_INT6_5
0000004d   PIE_INT6_6
0000004d   _PIE_INT6_6
0000004e   PIE_INT6_7
0000004e   _PIE_INT6_7
0000004f   PIE_INT6_8
0000004f   _PIE_INT6_8
00000050   PIE_INT7_1
00000050   _PIE_INT7_1
00000051   PIE_INT7_2
00000051   _PIE_INT7_2
00000052   PIE_INT7_3
00000052   _PIE_INT7_3
00000053   PIE_INT7_4
00000053   _PIE_INT7_4
00000054   PIE_INT7_5
00000054   _PIE_INT7_5
00000055   PIE_INT7_6
00000055   _PIE_INT7_6
00000056   PIE_INT7_7
00000056   _PIE_INT7_7
00000057   PIE_INT7_8
00000057   _PIE_INT7_8
00000058   PIE_INT8_1
00000058   _PIE_INT8_1
00000059   PIE_INT8_2
00000059   _PIE_INT8_2
0000005a   PIE_INT8_3
0000005a   _PIE_INT8_3
0000005b   PIE_INT8_4
0000005b   _PIE_INT8_4
0000005c   PIE_INT8_5
0000005c   _PIE_INT8_5
0000005d   PIE_INT8_6
0000005d   _PIE_INT8_6
0000005e   PIE_INT8_7
0000005e   _PIE_INT8_7
0000005f   PIE_INT8_8
0000005f   _PIE_INT8_8
00000060   PIE_INT9_1
00000060   _PIE_INT9_1
00000061   PIE_INT9_2
00000061   _PIE_INT9_2
00000062   PIE_INT9_3
00000062   _PIE_INT9_3
00000063   PIE_INT9_4
00000063   _PIE_INT9_4
00000064   PIE_INT9_5
00000064   _PIE_INT9_5
00000065   PIE_INT9_6
00000065   _PIE_INT9_6
00000066   PIE_INT9_7
00000066   _PIE_INT9_7
00000067   PIE_INT9_8
00000067   _PIE_INT9_8
00000068   PIE_INT10_1
00000068   _PIE_INT10_1
00000069   PIE_INT10_2
00000069   _PIE_INT10_2
0000006a   PIE_INT10_3
0000006a   _PIE_INT10_3
0000006b   PIE_INT10_4
0000006b   _PIE_INT10_4
0000006c   PIE_INT10_5
0000006c   _PIE_INT10_5
0000006d   PIE_INT10_6
0000006d   _PIE_INT10_6
0000006e   PIE_INT10_7
0000006e   _PIE_INT10_7
0000006f   PIE_INT10_8
0000006f   _PIE_INT10_8
00000070   PIE_INT11_1
00000070   _PIE_INT11_1
00000071   PIE_INT11_2
00000071   _PIE_INT11_2
00000072   PIE_INT11_3
00000072   _PIE_INT11_3
00000073   PIE_INT11_4
00000073   _PIE_INT11_4
00000074   PIE_INT11_5
00000074   _PIE_INT11_5
00000075   PIE_INT11_6
00000075   _PIE_INT11_6
00000076   PIE_INT11_7
00000076   _PIE_INT11_7
00000077   PIE_INT11_8
00000077   _PIE_INT11_8
00000078   PIE_INT12_1
00000078   _PIE_INT12_1
00000079   PIE_INT12_2
00000079   _PIE_INT12_2
0000007a   PIE_INT12_3
0000007a   _PIE_INT12_3
0000007b   PIE_INT12_4
0000007b   _PIE_INT12_4
0000007c   PIE_INT12_5
0000007c   _PIE_INT12_5
0000007d   PIE_INT12_6
0000007d   _PIE_INT12_6
0000007e   PIE_INT12_7
0000007e   _PIE_INT12_7
0000007f   PIE_INT12_8
0000007f   _PIE_INT12_8
00000088   BIOSDATA_O_HWI_D_STKBOTTOMADDR
0000008a   BIOSDATA_O_HWI_D_STKTOPADDR
0000008d   BIOSDATA_O_MEM_D_NUMSEGMENTS
0000008e   BIOSDATA_O_MEM_D_MEMTAB
00000090   BIOSDATA_O_MEM_D_FREELIST
00000092   BIOSDATA_O_MEM_D_LOCKADDR
00000094   BIOSDATA_O_MEM_D_UNLOCKADDR
00000096   BIOSDATA_O_SYS
000000ff   HST_MAXFRAMEALLOWED
00000100   TSK_STACKSIZE
00000100   _hwi_vec_loadsize
00000102   RTDX_BUFMEMSIZE
000001ff   GBL_stackend
00000200   _HWI_STKTOP
00000200   __STACK_END
00000200   __STACK_SIZE
000003e8   CLK_MICROSECS
00000400   HEAP$B
00000400   HEAP$L
00000400   HST_DSMMEMSIZE
00000400   _HEAP_base
00000400   _HEAP_length
00000880   _DevEmuRegs
00000a80   _FlashRegs
00000ae0   _CsmRegs
00000b20   _XintfRegs
00000c00   _CpuTimer0Regs
00000c08   _CpuTimer1Regs
00000c10   CLK_REGS
00000c10   _CLK_REGS
00000c10   _CpuTimer2Regs
00000ce0   _PieCtrlRegs
00000d00   _PieVectTable
00000d00   _hwi_vec_loadstart
00000d00   _hwi_vec_runstart
00000d00   hwi0
00000d02   hwi1
00000d04   hwi2
00000d06   hwi3
00000d08   hwi4
00000d0a   hwi5
00000d0c   hwi6
00000d0e   hwi7
00000d10   hwi8
00000d12   hwi9
00000d14   hwi10
00000d16   hwi11
00000d18   hwi12
00000d1a   hwi13
00000d1c   hwi14
00000d1e   hwi15
00000d20   hwi16
00000d22   hwi17
00000d24   hwi18
00000d26   hwi19
00000d28   hwi20
00000d2a   hwi21
00000d2c   hwi22
00000d2e   hwi23
00000d30   hwi24
00000d32   hwi25
00000d34   hwi26
00000d36   hwi27
00000d38   hwi28
00000d3a   hwi29
00000d3c   hwi30
00000d3e   hwi31
00000d40   hwi32
00000d42   hwi33
00000d44   hwi34
00000d46   hwi35
00000d48   hwi36
00000d4a   hwi37
00000d4c   hwi38
00000d4e   hwi39
00000d50   hwi40
00000d52   hwi41
00000d54   hwi42
00000d56   hwi43
00000d58   hwi44
00000d5a   hwi45
00000d5c   hwi46
00000d5e   hwi47
00000d60   hwi48
00000d62   hwi49
00000d64   hwi50
00000d66   hwi51
00000d68   hwi52
00000d6a   hwi53
00000d6c   hwi54
00000d6e   hwi55
00000d70   hwi56
00000d72   hwi57
00000d74   hwi58
00000d76   hwi59
00000d78   hwi60
00000d7a   hwi61
00000d7c   hwi62
00000d7e   hwi63
00000d80   hwi64
00000d82   hwi65
00000d84   hwi66
00000d86   hwi67
00000d88   hwi68
00000d8a   hwi69
00000d8c   hwi70
00000d8e   hwi71
00000d90   hwi72
00000d92   hwi73
00000d94   hwi74
00000d96   hwi75
00000d98   hwi76
00000d9a   hwi77
00000d9c   hwi78
00000d9e   hwi79
00000da0   hwi80
00000da2   hwi81
00000da4   hwi82
00000da6   hwi83
00000da8   hwi84
00000daa   hwi85
00000dac   hwi86
00000dae   hwi87
00000db0   hwi88
00000db2   hwi89
00000db4   hwi90
00000db6   hwi91
00000db8   hwi92
00000dba   hwi93
00000dbc   hwi94
00000dbe   hwi95
00000dc0   hwi96
00000dc2   hwi97
00000dc4   hwi98
00000dc6   hwi99
00000dc8   hwi100
00000dca   hwi101
00000dcc   hwi102
00000dce   hwi103
00000dd0   hwi104
00000dd2   hwi105
00000dd4   hwi106
00000dd6   hwi107
00000dd8   hwi108
00000dda   hwi109
00000ddc   hwi110
00000dde   hwi111
00000de0   hwi112
00000de2   hwi113
00000de4   hwi114
00000de6   hwi115
00000de8   hwi116
00000dea   hwi117
00000dec   hwi118
00000dee   hwi119
00000df0   hwi120
00000df2   hwi121
00000df4   hwi122
00000df6   hwi123
00000df8   hwi124
00000dfa   hwi125
00000dfc   hwi126
00000dfe   hwi127
00000e00   _hwi_vec_loadend
00004000   TRC_GBLTARG
00005205   GBL_A_VERSION
00006000   _ECanaRegs
00006040   _ECanaLAMRegs
00006080   _ECanaMOTSRegs
000060c0   _ECanaMOTORegs
00006100   _ECanaMboxes
00006dc4   GBL_DSPSUBTYPE
00007010   _SysCtrlRegs
00007040   _SpiaRegs
00007050   _SciaRegs
00007070   _XIntruptRegs
000070c0   _GpioMuxRegs
000070e0   _GpioDataRegs
00007100   _AdcRegs
00007400   _EvaRegs
00007500   _EvbRegs
00007530   GBL_CLKIN
00007750   _ScibRegs
00007800   _McbspaRegs
00008000   .bss
00008000   _CANMD_FXNS
00008000   ___bss__
00008000   ___end__
00008000   end
00008282   _ISAMD_FXNS
000084a0   _TSK_pid
000084a1   _TSK_nTasks
000084a2   _TSK_ATTRS
000084b0   _TSK_timerSem
000084c0   _canInHandle
000084c2   _canOutHandle
000084c4   _gioHandle
000084c6   _gioOut
000084c8   _isaInHandle
000084ca   _isaOutHandle
000084cc   _packet
00008500   _uartFrame
00008540   _CANRxData
000085e0   _SYS_exitStackPtr
000085e2   _SYS_exitStackTop
000085e4   _SYS_exitStack
000085f4   _GIO
000085f6   _GIO_CONFIG
000085fe   _CLK_htimePerLtime
00008601   ___atexit_func_id__
00008700   _UARTMD_FXNS
000087c0   _KNL_curtime
000087c1   _KNL_wFlag
000087c2   _KNL_set
000087c4   _KNL_maxqueue
000087c6   _KNL_swiptr
000087c8   _KNL_curqueue
000087ca   _KNL_treadyfxn
000087cc   _KNL_idlefxn
000087ce   _KNL_tcreatefxn
000087d0   _KNL_tdeletefxn
000087d2   _KNL_tswitchfxn
000087d4   _KNL_setpri
000087d6   _KNL_inactive
000087d8   _KNL_wList
000087da   _KNL_alarm
000087dc   _KNL_curtask
000087de   _KNL_prevtask
000087e0   _KNL_priority
000087e2   _KNL_dummy
00008800   _KNL_queues
00008850   __TSK_mutex
00008864   __MEM_mutex
00008878   _OBJ_segtab
00008880   _MEM_memtab
00008886   __HOOK_knlId
00008887   HEAP
00008887   MEM_MALLOCSEG
00008887   MEM_SEGZERO
00008887   _HEAP
00008888   RTA_fromHost$pipe$dtab
00008890   RTA_toHost$pipe$dtab
00008896   _OBJ_table
000088b2   TSK_config
000088c0   _TSK
000088c2   _DEV_devinit
000088c8   _DEV_D_devinit
000088ca   __DEV_NUMINITFXNS
000088cc   __DEV_D_NUMINITFXNS
000088ce   __HOOK_NUMHOOKS
000088d0   _rtdxNullChanCnt
000088d1   _rtdxNullFuncCnt
000088d6   _CLK_D_microseconds
000088d8   _CLK_DFLTMICROSECS
000088da   _HWI_ATTRS
000088de   _SEM_ATTRS
000088e2   __unlock
000088e4   __lock
000088e6   __cleanup_ptr
000088e8   __dtors_ptr
000088ea   _GIO_ATTRS
000088ec   _MEM
000088ee   _dtors
000088f0   MBX2$queElems
00008df0   _HWI_dispatchTab
000090f0   _HWI_D_intrNum
000090f1   _SYS_PUTCBEG
000092f0   _SYS_PUTCEND
000092f2   LOG_A_TABBEG
000092f2   LOG_system
000092f2   _LOG_A_TABBEG
000092f2   _LOG_system
000092fc   LOG_A_TABEND
000092fc   _LOG_A_TABEND
00009300   TSK_idle$obj
00009306   TSK_idle
00009306   _TSK_idle
00009340   TSK0$obj
00009346   TSK0
00009346   _TSK0
00009380   TSK1$obj
00009386   TSK1
00009386   _TSK1
000093c0   TSK2$obj
000093c6   TSK2
000093c6   _TSK2
00009400   TSK3$obj
00009406   TSK3
00009406   _TSK3
00009440   TSK4$obj
00009446   TSK4
00009446   _TSK4
00009480   TSK5$obj
00009486   TSK5
00009486   _TSK5
000094aa   _RTDX_Buffer
000095ac   _RTDX_writing
000095ae   _rtdx_buffer_state
000095bc   _RTDX_Buffer_End
000095be   _RTDX_Buffer_Start
000095c0   _rtdx_mon_state
000095ce   TSK0$stack
000095ce   TSK0$stkptr
000096ce   TSK2$stack
000096ce   TSK2$stkptr
000097ce   TSK3$stack
000097ce   TSK3$stkptr
000098ce   TSK4$stack
000098ce   TSK4$stkptr
000099ce   TSK_idle$stack
000099ce   TSK_idle$stkptr
00009ace   C28_BIOSDATAOBJ
00009ace   _GBL_procId
00009ad0   _GBL_clkIn
00009ad2   _GBL_freq
00009ad4   _CLK_htimeDiv
00009ad6   _CLK_htimeMult
00009ad8   _CLK_ltimeDiv
00009ada   _CLK_ltimeMult
00009adc   _CLK_D_dirty
00009ade   _CLK_D_prd
00009ae0   _CLK_D_tddr
00009ae2   _CLK_D_countspms
00009ae4   CLK_D_idletime
00009ae6   CLK_D_isrhook
00009ae8   CLK_D_tabbeg
00009aea   CLK_D_timefxn
00009aec   CLK_R_timh
00009aed   CLK_R_timl
00009aee   HST_D_chanmask
00009af0   IDL_D_calbeg
00009af2   IDL_D_calibrate
00009af4   IDL_D_tabbeg
00009af6   LOG_D_system
00009af6   _LOG_D_system
00009af8   PIP_D_tabbeg
00009afa   PIP_D_tablen
00009afc   PRD_D_cur
00009afe   PRD_D_elapsed
00009aff   PRD_D_prevtim
00009b00   PRD_D_scalar
00009b02   PRD_D_swihandle
00009b04   PRD_D_tabbeg
00009b06   PRD_D_tablen
00009b08   PRD_D_thook
00009b0a   PRD_D_tickh
00009b0b   PRD_D_tickl
00009b0b   _PRD_D_tick
00009b0c   SWI_D_runaddr
00009b0c   _SWI_data
00009b0e   SWI_D_execaddr
00009b10   SWI_D_curmask
00009b10   _SWI_D_curmask
00009b11   SWI_D_curset
00009b12   SWI_D_lock
00009b12   _SWI_D_lock
00009b13   SWI_D_curmbox
00009b14   SWI_D_curfxn
00009b14   _SWI_D_curfxn
00009b16   SWI_D_rdybeg
00009b16   _SWI_D_rdybeg
00009b18   SWI_D_rdytab
00009b54   SWI_D_inswi
00009b54   _SWI_D_inswi
00009b55   HWI_D_spsave
00009b55   _HWI_D_spsave
00009b55   _HWI_data
00009b56   HWI_D_stkbottomaddr
00009b58   HWI_D_stktopaddr
00009b5a   HWI_D_inhwi
00009b5a   _HWI_D_inhwi
00009b5b   _MEM_D_NUMSEGMENTS
00009b5c   _MEM_D_memtab
00009b5e   _MEM_D_freelist
00009b60   _MEM_D_lockaddr
00009b62   _MEM_D_unlockaddr
00009b64   _SYS
00009b66   HST_D_tabbegaddr
00009b68   HST_D_tabendaddr
00009b6a   RTDX_D_BufRead
00009b6c   RTDX_D_BufWrite
00009b6e   RTDX_D_Poll
00009b70   RTA_D_fromHost
00009b72   RTA_D_toHost
00009b74   RTA_D_logval
00009b7e   RTA_D_stsval
00009b86   LNKCTRL
00009b86   LNK_D_fromHostMask
00009b87   LNK_D_dataReadyMask
00009b88   LNK_D_readPend
00009b89   LNK_D_readDone
00009b8a   LNK_D_readFail
00009b8b   LNK_D_writeFail
00009b8c   IDL_D_busyObj
00009b94   MBX0
00009b94   _MBX0
00009b9c   MBX0$data
00009bac   MBX0$free
00009bca   MBX1
00009bca   _MBX1
00009bd2   MBX1$data
00009be2   MBX1$free
00009c00   MBX2
00009c00   _MBX2
00009c08   MBX2$data
00009c18   MBX2$free
00009c30   MBX0$queElems
00009cd0   KNL_swi
00009cd0   SWI_A_TABBEG
00009cd0   _KNL_swi
00009ce4   PRD_SWIHANDLE
00009ce4   PRD_swi
00009ce4   _PRD_swi
00009cf8   RTA_fromHost$buf
00009cf8   SWI_A_TABEND
00009d00   PIP_A_TABBEG
00009d00   RTA_fromHost$pipe
00009d00   _PIP_A_TABBEG
00009d02   RTA_fromHost$pipe$rd
00009d04   RTA_fromHost$pipe$rdaddr
00009d06   RTA_fromHost$pipe$rdsize
00009d08   RTA_fromHost$pipe$rdcurdesc
00009d18   RTA_fromHost$pipe$rdstshdl
00009d1a   RTA_fromHost$pipe$wr
00009d1c   RTA_fromHost$pipe$wraddr
00009d1e   RTA_fromHost$pipe$wrsize
00009d20   RTA_fromHost$pipe$wrcurdesc
00009d30   RTA_fromHost$pipe$wrstshdl
00009d40   RTA_toHost$pipe
00009d42   RTA_toHost$pipe$rd
00009d44   RTA_toHost$pipe$rdaddr
00009d46   RTA_toHost$pipe$rdsize
00009d48   RTA_toHost$pipe$rdcurdesc
00009d58   RTA_toHost$pipe$rdstshdl
00009d5a   RTA_toHost$pipe$wr
00009d5c   RTA_toHost$pipe$wraddr
00009d5e   RTA_toHost$pipe$wrsize
00009d60   RTA_toHost$pipe$wrcurdesc
00009d70   RTA_toHost$pipe$wrstshdl
00009d80   PIP_A_TABEND
00009d80   PRD0$sts$stsobj
00009d80   STS_A_TABBEG
00009d80   _PIP_A_TABEND
00009d80   _STS_A_TABBEG
00009d82   PRD0$sts
00009d88   PRD1$sts$stsobj
00009d8a   PRD1$sts
00009d90   PRD2$sts$stsobj
00009d92   PRD2$sts
00009d98   KNL_swi$sts$stsobj
00009d9a   KNL_swi$sts
00009da0   PRD_swi$sts$stsobj
00009da2   PRD_swi$sts
00009da8   TSK_idle$sts$stsobj
00009daa   TSK_idle$sts
00009db0   TSK0$sts$stsobj
00009db2   TSK0$sts
00009db8   TSK1$sts$stsobj
00009dba   TSK1$sts
00009dc0   TSK2$sts$stsobj
00009dc2   TSK2$sts
00009dc8   TSK3$sts$stsobj
00009dca   TSK3$sts
00009dd0   TSK4$sts$stsobj
00009dd2   TSK4$sts
00009dd8   TSK5$sts$stsobj
00009dda   TSK5$sts
00009de0   IDL_busyObj$stsobj
00009de2   IDL_busyObj
00009de2   _IDL_busyObj
00009de8   MBX1$queElems
00009de8   STS_A_TABEND
00009de8   _STS_A_TABEND
00009e4c   PRD0
00009e4c   PRD_A_TABBEG
00009e4c   _PRD0
00009e56   PRD0$aaa
00009e58   PRD1
00009e58   _PRD1
00009e62   PRD1$aaa
00009e64   PRD2
00009e64   _PRD2
00009e6e   PRD2$aaa
00009e70   IDL_A_TABBEG
00009e70   IDL_cpuLoad
00009e70   PRD_A_TABEND
00009e70   _IDL_cpuLoad
00009e72   LNK_dataPump
00009e72   _LNK_dataPump
00009e74   RTA_dispatcher
00009e74   _RTA_dispatcher
00009e76   IDL_END
00009e78   IDL_A_CALBEG
00009e78   IDL_cpuLoad$
00009e7a   LNK_dataPump$
00009e7c   RTA_dispatcher$
00009e7e   IDL_END$
00009e80   LOG_system$buf
00009ec0   TSK1$stack
00009ec0   TSK1$stkptr
00009f00   TSK5$stack
00009f00   TSK5$stkptr
00009f40   RTA_toHost$buf
00009f80   UDEV_uart0$obj
00009f86   UDEV_uart0$device
00009f92   UDEV_CAN$obj
00009f98   UDEV_CAN$device
00009fa4   UDEV_ISA$obj
00009faa   UDEV_ISA$device
00009fb8   HST_A_TABBEG
00009fb8   _HST_A_TABBEG
00009fba   RTA_fromHost
00009fba   _RTA_fromHost
00009fbe   RTA_fromHost$rtdx
00009fc8   RTA_toHost
00009fc8   _RTA_toHost
00009fcc   RTA_toHost$rtdx
00009fd6   HST_A_TABEND
00009fd6   SYS$config
00009fd6   _HST_A_TABEND
00009fde   CLK_A_TABBEG
00009fde   PRD_clock
00009fde   _PRD_clock
00009fe0   CLK_NULL
0000dbef   GBL_TRCMASKVALUE
0000ea5f   CLK_PRD
0000ea5f   _CLK_PRD
0000ea60   CLK_COUNTSPMS
0000ea60   CLK_HTIMEPERLTIME
0000ea60   _CLK_COUNTSPMS
0001d4c0   CLK_LTIMEMULT
0001d4c0   GBL_FREQ
00020000   GBL_PLLWAITCYCLE
003d8000   .data
003d8000   SWI_F_enable
003d8000   _SWI_enable
003d8000   ___data__
003d8000   ___edata__
003d8000   edata
003d8014   SWI_F_post
003d8014   _SWI_post
003d804b   SWI_F_exec_sync
003d806f   SWI_EXECFXN
003d806f   SWI_F_exec
003d80ac   SWI_F_run
003d80ac   SWI_RUNFXN
003d816d   LNK_F_init
003d816e   LNK_F_checkChanEnabled
003d8175   LNK_F_getNextChan
003d817e   LNK_F_getChanPtr
003d8195   LNK_F_dataPump
003d8195   LNK_rcloop
003d81b5   LNK_rdrtry
003d81b9   LNK_rrloop
003d81e6   LNK_wrrtry
003d81ea   LNK_wrloop
003d8226   LNK_newin
003d826c   LNK_newout
003d82c0   LNK_F_readCallBack
003d82c0   _LNK_F_readCallBack
003d82cb   _HWI_F_dispIsrPie
003d82d2   HWI_F_dispatch
003d82d2   _HWI_F_dispatch
003d835d   _HWI_F_dispIsr0
003d8360   _HWI_F_dispIsr1
003d83dc   _GIO_create
003d8473   PRD_F_swi
003d84e2   PRD_F_tick
003d850a   RTA_F_getlog
003d8529   RTA_F_getsts
003d8547   RTA_F_readblk
003d8550   RTA_F_writeword
003d8552   RTA_F_resetmem
003d8561   RTA_F_dispatch
003d85a1   _SEM_pendEnterKnl
003d8632   _KNL_run
003d86ba   _MEM_alloc
003d873f   CLK_F_run
003d873f   CLK_HOOKFXN
003d873f   __CLK_hwienter
003d87c3   RTDX_F_isr
003d88ba   _KNL_tick
003d88bf   _GIO_submit
003d8930   _MEM_free
003d899d   _MBX_post
003d89d1   _MBX_pend
003d8a04   _TSK_exit
003d8a69   __SEM_dopost
003d8aca   PIP_F_take
003d8ae3   PIP_F_probe
003d8ae4   PIP_F_give
003d8b0d   PIP_F_start
003d8b2a   _TSK_setup
003d8bad   _TSK_startup
003d8bd5   _HWI_dispatchPlug
003d8c12   _GIO_delete
003d8c4d   CLK_F_getfhtime
003d8c55   CLK_F_gethtime
003d8c55   CLK_F_getshtime
003d8c55   CLK_TIMEFXN
003d8c76   CLK_F_getltime
003d8c76   _CLK_getltime
003d8c7a   CLK_F_itime
003d8c7a   _CLK_itime
003d8c82   _SEM_post
003d8c82   _SEM_postBinary
003d8cb6   _KNL_check
003d8cd7   _KNL_idle
003d8ce0   _KNL_max
003d8ce9   IDL_F_calibrate
003d8d1b   _DEV_match
003d8d4c   _KNL_switch
003d8d59   KNL_glue
003d8d63   KNL_tick_stub
003d8d63   PRD_THOOKFXN
003d8d6a   _KNL_saveIsrFrame
003d8d7d   _KNL_exit
003d8d89   _KNL_enter
003d8da8   _LCK_post
003d8db6   _LCK_pend
003d8dd1   CLK_F_isr
003d8df9   _ATM_andi
003d8df9   _ATM_andu
003d8e00   _ATM_cleari
003d8e00   _ATM_clearu
003d8e06   _ATM_deci
003d8e06   _ATM_decu
003d8e0c   _ATM_inci
003d8e0c   _ATM_incu
003d8e12   _ATM_ori
003d8e12   _ATM_oru
003d8e19   _ATM_seti
003d8e19   _ATM_setu
003d8e20   _OBJ_create
003d8e45   __GIO_iomCallback
003d8e68   _SEM_postEnterKnl
003d8e8b   _KNL_ipost
003d8ead   _SEM_create
003d8ecf   _SYS_exit
003d8ef0   STS_F_delta
003d8ef0   _STS_delta
003d8efc   STS_F_add
003d8efc   _STS_add
003d8f05   _STS_set
003d8f08   STS_F_reset
003d8f08   _STS_reset
003d8f10   _OBJ_delete
003d8f2f   _SEM_pend
003d8f4e   LOG_F_event
003d8f6c   _MEM_valloc
003d8f87   IDL_F_busy
003d8f93   IDL_F_init
003d8fa1   _C28_plug
003d8fba   _PRD_getticks
003d8fbe   _PRD_tick
003d8fc1   _PRD_start
003d8fd0   _PRD_stop
003d8fd3   _KNL_post
003d8fe9   RTA_F_andn
003d8ff0   RTA_F_or
003d8ff6   iRTA_F_or
003d8ffd   FXN_F_nop
003d8ffe   FXN_F_run
003d900c   FXN_F_zero
003d900e   FXN_F_selfLoop
003d900f   _QUE_get
003d9018   _QUE_put
003d9021   SYS_ABORTFXN
003d9021   _UTL_doAbort
003d9031   SYS_ERRORFXN
003d9031   _UTL_doError
003d9041   _HWI_disable
003d9045   _HWI_enable
003d9047   _HWI_restore
003d904b   SYS_PUTCFXN
003d904b   _UTL_doPutc
003d9055   _SYS_error
003d905e   IDL_CALIBRFXN
003d905e   IDL_F_stub
003d9067   _SYS_abort
003d9070   IDL_F_loop
003d9070   _IDL_F_loop
003d9076   _LOG_event
003d907b   _SEM_delete
003d9080   _GBL_getVersion
003d9083   _IOM_mdNotImpl
003d9086   SYS_EXITFXN
003d9086   _UTL_halt
003d9089   GBL_USERLIMPMODEABORTFXN
003d9089   GIO_CREATEFXN
003d9089   GIO_DELETEFXN
003d9089   GIO_PENDFXN
003d9089   GIO_POSTFXN
003d9089   TSK_VCREATEFXN
003d9089   TSK_VDELETEFXN
003d9089   TSK_VEXITFXN
003d9089   _FXN_F_nop
003d908a   .text
003d908a   ___text__
003d909e   _CANMD_init
003d9294   _InitECan1
003d93f5   _InitECan
003d94a4   _can0Isr
003d95a0   _CANPrd
003d95c0   _ISAMD_init
003d97d7   _InitISA
003d9946   _IsaPrd
003d997d   _UARTMD_init
003d9b6b   _scia_fifo_init
003d9b86   _InitScia
003d9bf1   _prd0
003d9cd4   GBL_USERINITFXN
003d9cd4   _userInit
003d9cd9   _main
003d9d39   _DisableDog
003d9d41   _InitPeripheralClocks
003d9d5b   _task0
003d9e0a   _task1
003d9e38   _task2
003d9e85   _task3
003d9f4b   _task4
003d9f91   _task5
003d9fac   _CIRC_new
003d9fbe   _CIRC_readChar
003d9fda   _CIRC_writeChar
003d9ff5   _call_dtors
003da00f   ___add_dtor
003da01a   _atexit
003da061   ___memcpy_ff
003da082   C$$EXIT
003da082   _abort
003da084   _exit
003da09b   _strncmp
003da0b2   _strlen
003da0bc   _RTDX_Mask_IER
003da0c5   __register_unlock
003da0c9   __register_lock
003da0cd   __nop
003da0ce   _memset
003da0d5   _RTDX_Set_IER
003da0db   _RamfuncsLoadStart
003da0db   ___etext__
003da0db   etext
003da0fa   _RamfuncsLoadEnd
003da0fa   ___cinit__
003da0fa   cinit
003dacf0   _RTDX_Buffer_WriteCB
003dad73   _RTDX_Poll
003dae4e   _RTDX_Mon_Queue
003dae80   _RTDX_Init_RT_Monitor
003daeb0   _RTDX_Buffer_Initialize
003daec7   _RTDX_Buffer_ReadCB
003daed8   _RTDX_Final_RT_Monitor
003daee5   _RTDX_Buffer_Size
003daefa   _RTDX_Buffer_Read
003daf03   _RTDX_Buffer_Write
003daf13   BIOS_init
003daf13   _BIOS_init
003daf86   BIOS_start
003daf86   _BIOS_start
003dafc0   _c_int00
003db01c   _MEM_init
003db062   _DEV_init
003db09c   _TSK_init
003db0bf   _GIO_init
003db0c0   _OBJ_init
003db18c   _DataLogDMAId
003db18e   _DataLogDMACtl
003db190   _DataLogDMAHigh
003db194   _DataLogDMALow
003db198   _MsgBaseHigh
003db19a   _MsgBaseLow
003db19c   _StatBase
003db1c3   PRD0$sts$maxfmt
003db1cc   PRD0$sts$sumfmt
003db1d5   PRD0$sts$avgfmt
003db1e0   PRD1$sts$maxfmt
003db1e9   PRD1$sts$sumfmt
003db1f0   ___pinit__
003db1f0   pinit
003db1f2   PRD1$sts$avgfmt
003db1fd   PRD2$sts$maxfmt
003db206   PRD2$sts$sumfmt
003db20f   PRD2$sts$avgfmt
003db21a   KNL_swi$sts$maxfmt
003db222   KNL_swi$sts$sumfmt
003db22a   KNL_swi$sts$avgfmt
003db234   PRD_swi$sts$maxfmt
003db23c   PRD_swi$sts$sumfmt
003db244   PRD_swi$sts$avgfmt
003db24e   TSK_idle$sts$maxfmt
003db256   TSK_idle$sts$sumfmt
003db25e   TSK_idle$sts$avgfmt
003db268   TSK0$sts$maxfmt
003db270   TSK0$sts$sumfmt
003db278   TSK0$sts$avgfmt
003db282   TSK1$sts$maxfmt
003db28a   TSK1$sts$sumfmt
003db292   TSK1$sts$avgfmt
003db29c   TSK2$sts$maxfmt
003db2a4   TSK2$sts$sumfmt
003db2ac   TSK2$sts$avgfmt
003db2b6   TSK3$sts$maxfmt
003db2be   TSK3$sts$sumfmt
003db2c6   TSK3$sts$avgfmt
003db2d0   TSK4$sts$maxfmt
003db2d8   TSK4$sts$sumfmt
003db2e0   TSK4$sts$avgfmt
003db2ea   TSK5$sts$maxfmt
003db2f2   TSK5$sts$sumfmt
003db2fa   TSK5$sts$avgfmt
003db304   IDL_busyObj$maxfmt
003db307   IDL_busyObj$sumfmt
003db30a   IDL_busyObj$avgfmt
003f7ff8   _CsmPwl
003f8000   TRC_cinit
003f8001   TRC_R_mask
003f8001   _TRC_R_mask
003f8002   GBL_initdone
003f9c00   _InitFlash
003f9c00   _RamfuncsRunStart
ffffffff   BOOTROM
ffffffff   FLASH
ffffffff   H0SARAM
ffffffff   HST_DSMBUFSEG
ffffffff   LSARAM
ffffffff   MSARAM
ffffffff   OTP
ffffffff   PIEVECT
ffffffff   RTDX_DATAMEMSEG
ffffffff   SRAM
ffffffff   _BOOTROM
ffffffff   _FLASH
ffffffff   _H0SARAM
ffffffff   _LSARAM
ffffffff   _MSARAM
ffffffff   _OTP
ffffffff   _PIEVECT
ffffffff   _SRAM
ffffffff   ___binit__
ffffffff   ___c_args__
ffffffff   binit

[1476 symbols]
